Archive member included to satisfy reference by file (symbol)

/Applications/STM32CubeIDE.app/Contents/Eclipse/plugins/com.st.stm32cube.ide.mcu.externaltools.gnu-tools-for-stm32.10.3-2021.10.macos64_1.0.100.202210260954/tools/bin/../lib/gcc/arm-none-eabi/10.3.1/../../../../arm-none-eabi/lib/thumb/v7e-m+fp/hard/libc_nano.a(lib_a-errno.o)
                              ./Core/Src/syscalls.o (__errno)
/Applications/STM32CubeIDE.app/Contents/Eclipse/plugins/com.st.stm32cube.ide.mcu.externaltools.gnu-tools-for-stm32.10.3-2021.10.macos64_1.0.100.202210260954/tools/bin/../lib/gcc/arm-none-eabi/10.3.1/../../../../arm-none-eabi/lib/thumb/v7e-m+fp/hard/libc_nano.a(lib_a-exit.o)
                              /Applications/STM32CubeIDE.app/Contents/Eclipse/plugins/com.st.stm32cube.ide.mcu.externaltools.gnu-tools-for-stm32.10.3-2021.10.macos64_1.0.100.202210260954/tools/bin/../lib/gcc/arm-none-eabi/10.3.1/../../../../arm-none-eabi/lib/thumb/v7e-m+fp/hard/crt0.o (exit)
/Applications/STM32CubeIDE.app/Contents/Eclipse/plugins/com.st.stm32cube.ide.mcu.externaltools.gnu-tools-for-stm32.10.3-2021.10.macos64_1.0.100.202210260954/tools/bin/../lib/gcc/arm-none-eabi/10.3.1/../../../../arm-none-eabi/lib/thumb/v7e-m+fp/hard/libc_nano.a(lib_a-impure.o)
                              /Applications/STM32CubeIDE.app/Contents/Eclipse/plugins/com.st.stm32cube.ide.mcu.externaltools.gnu-tools-for-stm32.10.3-2021.10.macos64_1.0.100.202210260954/tools/bin/../lib/gcc/arm-none-eabi/10.3.1/../../../../arm-none-eabi/lib/thumb/v7e-m+fp/hard/libc_nano.a(lib_a-exit.o) (_global_impure_ptr)
/Applications/STM32CubeIDE.app/Contents/Eclipse/plugins/com.st.stm32cube.ide.mcu.externaltools.gnu-tools-for-stm32.10.3-2021.10.macos64_1.0.100.202210260954/tools/bin/../lib/gcc/arm-none-eabi/10.3.1/../../../../arm-none-eabi/lib/thumb/v7e-m+fp/hard/libc_nano.a(lib_a-init.o)
                              /Applications/STM32CubeIDE.app/Contents/Eclipse/plugins/com.st.stm32cube.ide.mcu.externaltools.gnu-tools-for-stm32.10.3-2021.10.macos64_1.0.100.202210260954/tools/bin/../lib/gcc/arm-none-eabi/10.3.1/../../../../arm-none-eabi/lib/thumb/v7e-m+fp/hard/crt0.o (__libc_init_array)
/Applications/STM32CubeIDE.app/Contents/Eclipse/plugins/com.st.stm32cube.ide.mcu.externaltools.gnu-tools-for-stm32.10.3-2021.10.macos64_1.0.100.202210260954/tools/bin/../lib/gcc/arm-none-eabi/10.3.1/../../../../arm-none-eabi/lib/thumb/v7e-m+fp/hard/libc_nano.a(lib_a-memcpy-stub.o)
                              ./Core/Src/main.o (memcpy)
/Applications/STM32CubeIDE.app/Contents/Eclipse/plugins/com.st.stm32cube.ide.mcu.externaltools.gnu-tools-for-stm32.10.3-2021.10.macos64_1.0.100.202210260954/tools/bin/../lib/gcc/arm-none-eabi/10.3.1/../../../../arm-none-eabi/lib/thumb/v7e-m+fp/hard/libc_nano.a(lib_a-memset.o)
                              /Applications/STM32CubeIDE.app/Contents/Eclipse/plugins/com.st.stm32cube.ide.mcu.externaltools.gnu-tools-for-stm32.10.3-2021.10.macos64_1.0.100.202210260954/tools/bin/../lib/gcc/arm-none-eabi/10.3.1/../../../../arm-none-eabi/lib/thumb/v7e-m+fp/hard/crt0.o (memset)
/Applications/STM32CubeIDE.app/Contents/Eclipse/plugins/com.st.stm32cube.ide.mcu.externaltools.gnu-tools-for-stm32.10.3-2021.10.macos64_1.0.100.202210260954/tools/bin/../lib/gcc/arm-none-eabi/10.3.1/thumb/v7e-m+fp/hard/libgcc.a(_arm_muldf3.o)
                              ./Core/Src/main.o (__aeabi_dmul)
/Applications/STM32CubeIDE.app/Contents/Eclipse/plugins/com.st.stm32cube.ide.mcu.externaltools.gnu-tools-for-stm32.10.3-2021.10.macos64_1.0.100.202210260954/tools/bin/../lib/gcc/arm-none-eabi/10.3.1/thumb/v7e-m+fp/hard/libgcc.a(_arm_addsubdf3.o)
                              ./Core/Src/funksjoner_manpu.o (__aeabi_f2d)
/Applications/STM32CubeIDE.app/Contents/Eclipse/plugins/com.st.stm32cube.ide.mcu.externaltools.gnu-tools-for-stm32.10.3-2021.10.macos64_1.0.100.202210260954/tools/bin/../lib/gcc/arm-none-eabi/10.3.1/thumb/v7e-m+fp/hard/libgcc.a(_arm_muldivdf3.o)
                              ./Core/Src/funksjoner_manpu.o (__aeabi_ddiv)
/Applications/STM32CubeIDE.app/Contents/Eclipse/plugins/com.st.stm32cube.ide.mcu.externaltools.gnu-tools-for-stm32.10.3-2021.10.macos64_1.0.100.202210260954/tools/bin/../lib/gcc/arm-none-eabi/10.3.1/thumb/v7e-m+fp/hard/libgcc.a(_arm_fixdfsi.o)
                              ./Core/Src/main.o (__aeabi_d2iz)
/Applications/STM32CubeIDE.app/Contents/Eclipse/plugins/com.st.stm32cube.ide.mcu.externaltools.gnu-tools-for-stm32.10.3-2021.10.macos64_1.0.100.202210260954/tools/bin/../lib/gcc/arm-none-eabi/10.3.1/thumb/v7e-m+fp/hard/libgcc.a(_arm_truncdfsf2.o)
                              ./Core/Src/funksjoner_manpu.o (__aeabi_d2f)
/Applications/STM32CubeIDE.app/Contents/Eclipse/plugins/com.st.stm32cube.ide.mcu.externaltools.gnu-tools-for-stm32.10.3-2021.10.macos64_1.0.100.202210260954/tools/bin/../lib/gcc/arm-none-eabi/10.3.1/thumb/v7e-m+fp/hard/libgcc.a(_aeabi_uldivmod.o)
                              ./Drivers/STM32G4xx_HAL_Driver/Src/stm32g4xx_hal_uart.o (__aeabi_uldivmod)
[...]
Memory Configuration

Name             Origin             Length             Attributes
RAM              0x0000000020000000 0x0000000000008000 xrw
FLASH            0x0000000008000000 0x0000000000020000 xr
*default*        0x0000000000000000 0xffffffffffffffff

Linker script and memory map

LOAD /Applications/STM32CubeIDE.app/Contents/Eclipse/plugins/com.st.stm32cube.ide.mcu.externaltools.gnu-tools-for-stm32.10.3-2021.10.macos64_1.0.100.202210260954/tools/bin/../lib/gcc/arm-none-eabi/10.3.1/thumb/v7e-m+fp/hard/crti.o
LOAD /Applications/STM32CubeIDE.app/Contents/Eclipse/plugins/com.st.stm32cube.ide.mcu.externaltools.gnu-tools-for-stm32.10.3-2021.10.macos64_1.0.100.202210260954/tools/bin/../lib/gcc/arm-none-eabi/10.3.1/thumb/v7e-m+fp/hard/crtbegin.o
LOAD /Applications/STM32CubeIDE.app/Contents/Eclipse/plugins/com.st.stm32cube.ide.mcu.externaltools.gnu-tools-for-stm32.10.3-2021.10.macos64_1.0.100.202210260954/tools/bin/../lib/gcc/arm-none-eabi/10.3.1/../../../../arm-none-eabi/lib/thumb/v7e-m+fp/hard/crt0.o
LOAD ./Core/Src/STTS75.o
LOAD ./Core/Src/funksjoner_manpu.o
LOAD ./Core/Src/funksjoner_sensor.o
LOAD ./Core/Src/funksjoner_test.o
LOAD ./Core/Src/funksjoner_thruster.o
LOAD ./Core/Src/globvariabler_def.o
LOAD ./Core/Src/main.o
LOAD ./Core/Src/stm32g4xx_hal_msp.o
LOAD ./Core/Src/stm32g4xx_it.o
LOAD ./Core/Src/syscalls.o
LOAD ./Core/Src/sysmem.o
LOAD ./Core/Src/system_stm32g4xx.o
LOAD ./Core/Startup/startup_stm32g431rbtx.o
LOAD ./Drivers/STM32G4xx_HAL_Driver/Src/stm32g4xx_hal.o
LOAD ./Drivers/STM32G4xx_HAL_Driver/Src/stm32g4xx_hal_cortex.o
LOAD ./Drivers/STM32G4xx_HAL_Driver/Src/stm32g4xx_hal_dma.o
LOAD ./Drivers/STM32G4xx_HAL_Driver/Src/stm32g4xx_hal_dma_ex.o
LOAD ./Drivers/STM32G4xx_HAL_Driver/Src/stm32g4xx_hal_exti.o
LOAD ./Drivers/STM32G4xx_HAL_Driver/Src/stm32g4xx_hal_fdcan.o
LOAD ./Drivers/STM32G4xx_HAL_Driver/Src/stm32g4xx_hal_flash.o
LOAD ./Drivers/STM32G4xx_HAL_Driver/Src/stm32g4xx_hal_flash_ex.o
LOAD ./Drivers/STM32G4xx_HAL_Driver/Src/stm32g4xx_hal_flash_ramfunc.o
LOAD ./Drivers/STM32G4xx_HAL_Driver/Src/stm32g4xx_hal_gpio.o
LOAD ./Drivers/STM32G4xx_HAL_Driver/Src/stm32g4xx_hal_i2c.o
LOAD ./Drivers/STM32G4xx_HAL_Driver/Src/stm32g4xx_hal_i2c_ex.o
LOAD ./Drivers/STM32G4xx_HAL_Driver/Src/stm32g4xx_hal_pwr.o
LOAD ./Drivers/STM32G4xx_HAL_Driver/Src/stm32g4xx_hal_pwr_ex.o
LOAD ./Drivers/STM32G4xx_HAL_Driver/Src/stm32g4xx_hal_rcc.o
LOAD ./Drivers/STM32G4xx_HAL_Driver/Src/stm32g4xx_hal_rcc_ex.o
LOAD ./Drivers/STM32G4xx_HAL_Driver/Src/stm32g4xx_hal_spi.o
LOAD ./Drivers/STM32G4xx_HAL_Driver/Src/stm32g4xx_hal_spi_ex.o
LOAD ./Drivers/STM32G4xx_HAL_Driver/Src/stm32g4xx_hal_tim.o
LOAD ./Drivers/STM32G4xx_HAL_Driver/Src/stm32g4xx_hal_tim_ex.o
LOAD ./Drivers/STM32G4xx_HAL_Driver/Src/stm32g4xx_hal_uart.o
LOAD ./Drivers/STM32G4xx_HAL_Driver/Src/stm32g4xx_hal_uart_ex.o
START GROUP
LOAD /Applications/STM32CubeIDE.app/Contents/Eclipse/plugins/com.st.stm32cube.ide.mcu.externaltools.gnu-tools-for-stm32.10.3-2021.10.macos64_1.0.100.202210260954/tools/bin/../lib/gcc/arm-none-eabi/10.3.1/../../../../arm-none-eabi/lib/thumb/v7e-m+fp/hard/libc_nano.a
LOAD /Applications/STM32CubeIDE.app/Contents/Eclipse/plugins/com.st.stm32cube.ide.mcu.externaltools.gnu-tools-for-stm32.10.3-2021.10.macos64_1.0.100.202210260954/tools/bin/../lib/gcc/arm-none-eabi/10.3.1/../../../../arm-none-eabi/lib/thumb/v7e-m+fp/hard/libm.a
END GROUP
START GROUP
LOAD /Applications/STM32CubeIDE.app/Contents/Eclipse/plugins/com.st.stm32cube.ide.mcu.externaltools.gnu-tools-for-stm32.10.3-2021.10.macos64_1.0.100.202210260954/tools/bin/../lib/gcc/arm-none-eabi/10.3.1/thumb/v7e-m+fp/hard/libgcc.a
LOAD /Applications/STM32CubeIDE.app/Contents/Eclipse/plugins/com.st.stm32cube.ide.mcu.externaltools.gnu-tools-for-stm32.10.3-2021.10.macos64_1.0.100.202210260954/tools/bin/../lib/gcc/arm-none-eabi/10.3.1/../../../../arm-none-eabi/lib/thumb/v7e-m+fp/hard/libc_nano.a
END GROUP
START GROUP
LOAD /Applications/STM32CubeIDE.app/Contents/Eclipse/plugins/com.st.stm32cube.ide.mcu.externaltools.gnu-tools-for-stm32.10.3-2021.10.macos64_1.0.100.202210260954/tools/bin/../lib/gcc/arm-none-eabi/10.3.1/thumb/v7e-m+fp/hard/libgcc.a
LOAD /Applications/STM32CubeIDE.app/Contents/Eclipse/plugins/com.st.stm32cube.ide.mcu.externaltools.gnu-tools-for-stm32.10.3-2021.10.macos64_1.0.100.202210260954/tools/bin/../lib/gcc/arm-none-eabi/10.3.1/../../../../arm-none-eabi/lib/thumb/v7e-m+fp/hard/libc_nano.a
LOAD /Applications/STM32CubeIDE.app/Contents/Eclipse/plugins/com.st.stm32cube.ide.mcu.externaltools.gnu-tools-for-stm32.10.3-2021.10.macos64_1.0.100.202210260954/tools/bin/../lib/gcc/arm-none-eabi/10.3.1/../../../../arm-none-eabi/lib/thumb/v7e-m+fp/hard/libnosys.a
END GROUP
START GROUP
LOAD /Applications/STM32CubeIDE.app/Contents/Eclipse/plugins/com.st.stm32cube.ide.mcu.externaltools.gnu-tools-for-stm32.10.3-2021.10.macos64_1.0.100.202210260954/tools/bin/../lib/gcc/arm-none-eabi/10.3.1/thumb/v7e-m+fp/hard/libgcc.a
LOAD /Applications/STM32CubeIDE.app/Contents/Eclipse/plugins/com.st.stm32cube.ide.mcu.externaltools.gnu-tools-for-stm32.10.3-2021.10.macos64_1.0.100.202210260954/tools/bin/../lib/gcc/arm-none-eabi/10.3.1/../../../../arm-none-eabi/lib/thumb/v7e-m+fp/hard/libc_nano.a
LOAD /Applications/STM32CubeIDE.app/Contents/Eclipse/plugins/com.st.stm32cube.ide.mcu.externaltools.gnu-tools-for-stm32.10.3-2021.10.macos64_1.0.100.202210260954/tools/bin/../lib/gcc/arm-none-eabi/10.3.1/../../../../arm-none-eabi/lib/thumb/v7e-m+fp/hard/libnosys.a
END GROUP
LOAD /Applications/STM32CubeIDE.app/Contents/Eclipse/plugins/com.st.stm32cube.ide.mcu.externaltools.gnu-tools-for-stm32.10.3-2021.10.macos64_1.0.100.202210260954/tools/bin/../lib/gcc/arm-none-eabi/10.3.1/thumb/v7e-m+fp/hard/crtend.o
LOAD /Applications/STM32CubeIDE.app/Contents/Eclipse/plugins/com.st.stm32cube.ide.mcu.externaltools.gnu-tools-for-stm32.10.3-2021.10.macos64_1.0.100.202210260954/tools/bin/../lib/gcc/arm-none-eabi/10.3.1/thumb/v7e-m+fp/hard/crtn.o
                0x0000000020008000                _estack = (ORIGIN (RAM) + LENGTH (RAM))
                0x0000000000000200                _Min_Heap_Size = 0x200
                0x0000000000000400                _Min_Stack_Size = 0x400

.isr_vector     0x0000000008000000      0x1d8
                0x0000000008000000                . = ALIGN (0x4)
 *(.isr_vector)
 .isr_vector    0x0000000008000000      0x1d8 ./Core/Startup/startup_stm32g431rbtx.o
                0x0000000008000000                g_pfnVectors
                0x00000000080001d8                . = ALIGN (0x4)

.text           0x00000000080001d8     0x9adc
                0x00000000080001d8                . = ALIGN (0x4)
 *(.text)
 .text          0x00000000080001d8       0x40 /Applications/STM32CubeIDE.app/Contents/Eclipse/plugins/com.st.stm32cube.ide.mcu.externaltools.gnu-tools-for-stm32.10.3-2021.10.macos64_1.0.100.202210260954/tools/bin/../lib/gcc/arm-none-eabi/10.3.1/thumb/v7e-m+fp/hard/crtbegin.o
 .text          0x0000000008000218      0x378 /Applications/STM32CubeIDE.app/Contents/Eclipse/plugins/com.st.stm32cube.ide.mcu.externaltools.gnu-tools-for-stm32.10.3-2021.10.macos64_1.0.100.202210260954/tools/bin/../lib/gcc/arm-none-eabi/10.3.1/thumb/v7e-m+fp/hard/libgcc.a(_arm_addsubdf3.o)
                0x0000000008000218                __aeabi_drsub
                0x0000000008000220                __subdf3
                0x0000000008000220                __aeabi_dsub
                0x0000000008000224                __aeabi_dadd
                0x0000000008000224                __adddf3
                0x000000000800049c                __aeabi_ui2d
                0x000000000800049c                __floatunsidf
                0x00000000080004bc                __floatsidf
                0x00000000080004bc                __aeabi_i2d
                0x00000000080004e0                __extendsfdf2
                0x00000000080004e0                __aeabi_f2d
                0x0000000008000524                __aeabi_ul2d
                0x0000000008000524                __floatundidf
                0x0000000008000534                __aeabi_l2d
                0x0000000008000534                __floatdidf
 .text          0x0000000008000590      0x424 /Applications/STM32CubeIDE.app/Contents/Eclipse/plugins/com.st.stm32cube.ide.mcu.externaltools.gnu-tools-for-stm32.10.3-2021.10.macos64_1.0.100.202210260954/tools/bin/../lib/gcc/arm-none-eabi/10.3.1/thumb/v7e-m+fp/hard/libgcc.a(_arm_muldivdf3.o)
                0x0000000008000590                __aeabi_dmul
                0x0000000008000590                __muldf3
                0x00000000080007e4                __aeabi_ddiv
                0x00000000080007e4                __divdf3
 .text          0x00000000080009b4       0x50 /Applications/STM32CubeIDE.app/Contents/Eclipse/plugins/com.st.stm32cube.ide.mcu.externaltools.gnu-tools-for-stm32.10.3-2021.10.macos64_1.0.100.202210260954/tools/bin/../lib/gcc/arm-none-eabi/10.3.1/thumb/v7e-m+fp/hard/libgcc.a(_arm_fixdfsi.o)
                0x00000000080009b4                __fixdfsi
                0x00000000080009b4                __aeabi_d2iz
 .text          0x0000000008000a04       0xa0 /Applications/STM32CubeIDE.app/Contents/Eclipse/plugins/com.st.stm32cube.ide.mcu.externaltools.gnu-tools-for-stm32.10.3-2021.10.macos64_1.0.100.202210260954/tools/bin/../lib/gcc/arm-none-eabi/10.3.1/thumb/v7e-m+fp/hard/libgcc.a(_arm_truncdfsf2.o)
                0x0000000008000a04                __aeabi_d2f
                0x0000000008000a04                __truncdfsf2
 .text          0x0000000008000aa4       0x30 /Applications/STM32CubeIDE.app/Contents/Eclipse/plugins/com.st.stm32cube.ide.mcu.externaltools.gnu-tools-for-stm32.10.3-2021.10.macos64_1.0.100.202210260954/tools/bin/../lib/gcc/arm-none-eabi/10.3.1/thumb/v7e-m+fp/hard/libgcc.a(_aeabi_uldivmod.o)
                0x0000000008000aa4                __aeabi_uldivmod
 .text          0x0000000008000ad4      0x2d0 /Applications/STM32CubeIDE.app/Contents/Eclipse/plugins/com.st.stm32cube.ide.mcu.externaltools.gnu-tools-for-stm32.10.3-2021.10.macos64_1.0.100.202210260954/tools/bin/../lib/gcc/arm-none-eabi/10.3.1/thumb/v7e-m+fp/hard/libgcc.a(_udivmoddi4.o)
                0x0000000008000ad4                __udivmoddi4
 .text          0x0000000008000da4        0x4 /Applications/STM32CubeIDE.app/Contents/Eclipse/plugins/com.st.stm32cube.ide.mcu.externaltools.gnu-tools-for-stm32.10.3-2021.10.macos64_1.0.100.202210260954/tools/bin/../lib/gcc/arm-none-eabi/10.3.1/thumb/v7e-m+fp/hard/libgcc.a(_dvmd_tls.o)
                0x0000000008000da4                __aeabi_ldiv0
                0x0000000008000da4                __aeabi_idiv0
 *(.text*)
 .text.STTS75_Init
                0x0000000008000da8       0x2c ./Core/Src/STTS75.o
                0x0000000008000da8                STTS75_Init
 .text.STTS75_Read_Regsiter
                0x0000000008000dd4       0x36 ./Core/Src/STTS75.o
                0x0000000008000dd4                STTS75_Read_Regsiter
 *fill*         0x0000000008000e0a        0x2 
 .text.STTS75_Read_Temp
                0x0000000008000e0c      0x118 ./Core/Src/STTS75.o
                0x0000000008000e0c                STTS75_Read_Temp
 .text.STTS75_Write_Bitsize
                0x0000000008000f24       0xa6 ./Core/Src/STTS75.o
                0x0000000008000f24                STTS75_Write_Bitsize
 *fill*         0x0000000008000fca        0x2 
 .text.manipulator_data_lagring
                0x0000000008000fcc       0x98 ./Core/Src/funksjoner_manpu.o
                0x0000000008000fcc                manipulator_data_lagring
 .text.sjekk_for_forskjellig_fortegn
                0x0000000008001064       0xfe ./Core/Src/funksjoner_manpu.o
                0x0000000008001064                sjekk_for_forskjellig_fortegn
 .text.sett_rotasjonsretning
                0x0000000008001162       0x50 ./Core/Src/funksjoner_manpu.o
                0x0000000008001162                sett_rotasjonsretning
 *fill*         0x00000000080011b2        0x6 
 .text.beregn_ARR
                0x00000000080011b8       0xb0 ./Core/Src/funksjoner_manpu.o
                0x00000000080011b8                beregn_ARR
 .text.beregn_CCR_snurr
                0x0000000008001268       0xb8 ./Core/Src/funksjoner_manpu.o
                0x0000000008001268                beregn_CCR_snurr
 .text.behandle_gripe
                0x0000000008001320      0x114 ./Core/Src/funksjoner_manpu.o
                0x0000000008001320                behandle_gripe
 .text.behandle_sving
                0x0000000008001434      0x114 ./Core/Src/funksjoner_manpu.o
                0x0000000008001434                behandle_sving
 .text.behandle_skyv
                0x0000000008001548      0x114 ./Core/Src/funksjoner_manpu.o
                0x0000000008001548                behandle_skyv
 .text.behandle_snurr
                0x000000000800165c      0x158 ./Core/Src/funksjoner_manpu.o
                0x000000000800165c                behandle_snurr
 .text.behandle_manipulator
                0x00000000080017b4       0x74 ./Core/Src/funksjoner_manpu.o
                0x00000000080017b4                behandle_manipulator
 .text.null_PID_var
                0x0000000008001828       0x2c ./Core/Src/funksjoner_sensor.o
                0x0000000008001828                null_PID_var
 .text.beregn_generell_PID
                0x0000000008001854      0x182 ./Core/Src/funksjoner_sensor.o
                0x0000000008001854                beregn_generell_PID
 *fill*         0x00000000080019d6        0x2 
 .text.konverter_krefter_paadrag
                0x00000000080019d8       0x78 ./Core/Src/funksjoner_sensor.o
                0x00000000080019d8                konverter_krefter_paadrag
 .text.hiv_regulering_init
                0x0000000008001a50       0x98 ./Core/Src/funksjoner_sensor.o
                0x0000000008001a50                hiv_regulering_init
 .text.rull_regulering_init
                0x0000000008001ae8       0x98 ./Core/Src/funksjoner_sensor.o
                0x0000000008001ae8                rull_regulering_init
 .text.stamp_regulering_init
                0x0000000008001b80       0x98 ./Core/Src/funksjoner_sensor.o
                0x0000000008001b80                stamp_regulering_init
 .text.hiv_regulering
                0x0000000008001c18       0xa8 ./Core/Src/funksjoner_sensor.o
                0x0000000008001c18                hiv_regulering
 .text.stamp_regulering
                0x0000000008001cc0       0xb4 ./Core/Src/funksjoner_sensor.o
                0x0000000008001cc0                stamp_regulering
 .text.rull_regulering
                0x0000000008001d74       0xb4 ./Core/Src/funksjoner_sensor.o
                0x0000000008001d74                rull_regulering
 .text.beregn_reguleringbidrag
                0x0000000008001e28       0xf8 ./Core/Src/funksjoner_sensor.o
                0x0000000008001e28                beregn_reguleringbidrag
 .text.oppdater_parameter
                0x0000000008001f20      0x764 ./Core/Src/funksjoner_sensor.o
                0x0000000008001f20                oppdater_parameter
 .text.sjekk_bryter
                0x0000000008002684       0x50 ./Core/Src/funksjoner_test.o
                0x0000000008002684                sjekk_bryter
 .text.null_bidrag_horisontal
                0x00000000080026d4       0x34 ./Core/Src/funksjoner_thruster.o
                0x00000000080026d4                null_bidrag_horisontal
 .text.null_bidrag_vertikal
                0x0000000008002708       0x34 ./Core/Src/funksjoner_thruster.o
                0x0000000008002708                null_bidrag_vertikal
 .text.null_bidrag_alle_regvar
                0x000000000800273c       0x38 ./Core/Src/funksjoner_thruster.o
                0x000000000800273c                null_bidrag_alle_regvar
 .text.beregning_operatorbidrag
                0x0000000008002774      0x280 ./Core/Src/funksjoner_thruster.o
                0x0000000008002774                beregning_operatorbidrag
 .text.beregn_sum_bidrag
                0x00000000080029f4      0x174 ./Core/Src/funksjoner_thruster.o
                0x00000000080029f4                beregn_sum_bidrag
 .text.skalere_ned_saturation_neg
                0x0000000008002b68      0x1ec ./Core/Src/funksjoner_thruster.o
                0x0000000008002b68                skalere_ned_saturation_neg
 .text.skalere_ned_saturation_pos
                0x0000000008002d54      0x258 ./Core/Src/funksjoner_thruster.o
                0x0000000008002d54                skalere_ned_saturation_pos
 .text.sjekk_saturation_minus
                0x0000000008002fac       0xcc ./Core/Src/funksjoner_thruster.o
                0x0000000008002fac                sjekk_saturation_minus
 .text.sjekk_saturation_pos
                0x0000000008003078       0xdc ./Core/Src/funksjoner_thruster.o
                0x0000000008003078                sjekk_saturation_pos
 .text.horisontal_demping
                0x0000000008003154       0xdc ./Core/Src/funksjoner_thruster.o
                0x0000000008003154                horisontal_demping
 .text.vertikal_demping
                0x0000000008003230       0xdc ./Core/Src/funksjoner_thruster.o
                0x0000000008003230                vertikal_demping
 .text.differanse_sjekk
                0x000000000800330c       0x58 ./Core/Src/funksjoner_thruster.o
                0x000000000800330c                differanse_sjekk
 .text.horisontal_differanse
                0x0000000008003364       0xc8 ./Core/Src/funksjoner_thruster.o
                0x0000000008003364                horisontal_differanse
 .text.vertikal_differanse
                0x000000000800342c       0xc8 ./Core/Src/funksjoner_thruster.o
                0x000000000800342c                vertikal_differanse
 .text.konverter_paadrag_PWM
                0x00000000080034f4       0x90 ./Core/Src/funksjoner_thruster.o
                0x00000000080034f4                konverter_paadrag_PWM
 .text.konverter_sum_bidrag_PWM
                0x0000000008003584       0xc0 ./Core/Src/funksjoner_thruster.o
                0x0000000008003584                konverter_sum_bidrag_PWM
 .text.send_thruster_PWM
                0x0000000008003644       0x80 ./Core/Src/funksjoner_thruster.o
                0x0000000008003644                send_thruster_PWM
 .text.thruster_data_lagring
                0x00000000080036c4      0x120 ./Core/Src/funksjoner_thruster.o
                0x00000000080036c4                thruster_data_lagring
 .text.behandle_sum_bidrag
                0x00000000080037e4       0x5c ./Core/Src/funksjoner_thruster.o
                0x00000000080037e4                behandle_sum_bidrag
 .text.oppstartCAN
                0x0000000008003840       0x90 ./Core/Src/main.o
                0x0000000008003840                oppstartCAN
 .text.sendCAN  0x00000000080038d0       0x2c ./Core/Src/main.o
                0x00000000080038d0                sendCAN
 .text.TX_kopier_thrustpaadrag
                0x00000000080038fc       0x58 ./Core/Src/main.o
                0x00000000080038fc                TX_kopier_thrustpaadrag
 .text.liten_sjekk_7
                0x0000000008003954       0x58 ./Core/Src/main.o
                0x0000000008003954                liten_sjekk_7
 .text.liten_sjekk_A
                0x00000000080039ac       0x5c ./Core/Src/main.o
                0x00000000080039ac                liten_sjekk_A
 .text.liten_sjekk_ref
                0x0000000008003a08       0x98 ./Core/Src/main.o
                0x0000000008003a08                liten_sjekk_ref
 .text.main     0x0000000008003aa0      0x21c ./Core/Src/main.o
                0x0000000008003aa0                main
 .text.SystemClock_Config
                0x0000000008003cbc       0x96 ./Core/Src/main.o
                0x0000000008003cbc                SystemClock_Config
 *fill*         0x0000000008003d52        0x2 
 .text.MX_FDCAN1_Init
                0x0000000008003d54       0x8c ./Core/Src/main.o
 .text.MX_I2C3_Init
                0x0000000008003de0       0x80 ./Core/Src/main.o
 .text.MX_LPUART1_UART_Init
                0x0000000008003e60       0x94 ./Core/Src/main.o
 .text.MX_SPI1_Init
                0x0000000008003ef4       0x7c ./Core/Src/main.o
 .text.MX_TIM1_Init
                0x0000000008003f70      0x170 ./Core/Src/main.o
 .text.MX_TIM2_Init
                0x00000000080040e0       0xf8 ./Core/Src/main.o
 .text.MX_TIM3_Init
                0x00000000080041d8       0xb4 ./Core/Src/main.o
 .text.MX_TIM8_Init
                0x000000000800428c      0x128 ./Core/Src/main.o
 .text.MX_TIM15_Init
                0x00000000080043b4      0x10c ./Core/Src/main.o
 .text.MX_TIM16_Init
                0x00000000080044c0       0xf4 ./Core/Src/main.o
 .text.MX_GPIO_Init
                0x00000000080045b4      0x138 ./Core/Src/main.o
 .text.HAL_FDCAN_RxFifo0Callback
                0x00000000080046ec      0x1e4 ./Core/Src/main.o
                0x00000000080046ec                HAL_FDCAN_RxFifo0Callback
 .text.Error_Handler
                0x00000000080048d0        0xa ./Core/Src/main.o
                0x00000000080048d0                Error_Handler
 *fill*         0x00000000080048da        0x2 
 .text.HAL_MspInit
                0x00000000080048dc       0x48 ./Core/Src/stm32g4xx_hal_msp.o
                0x00000000080048dc                HAL_MspInit
 .text.HAL_FDCAN_MspInit
                0x0000000008004924       0xc4 ./Core/Src/stm32g4xx_hal_msp.o
                0x0000000008004924                HAL_FDCAN_MspInit
 .text.HAL_I2C_MspInit
                0x00000000080049e8       0xb4 ./Core/Src/stm32g4xx_hal_msp.o
                0x00000000080049e8                HAL_I2C_MspInit
 .text.HAL_UART_MspInit
                0x0000000008004a9c       0xb0 ./Core/Src/stm32g4xx_hal_msp.o
                0x0000000008004a9c                HAL_UART_MspInit
 .text.HAL_SPI_MspInit
                0x0000000008004b4c       0x84 ./Core/Src/stm32g4xx_hal_msp.o
                0x0000000008004b4c                HAL_SPI_MspInit
 .text.HAL_TIM_PWM_MspInit
                0x0000000008004bd0       0xdc ./Core/Src/stm32g4xx_hal_msp.o
                0x0000000008004bd0                HAL_TIM_PWM_MspInit
 .text.HAL_TIM_Base_MspInit
                0x0000000008004cac       0x40 ./Core/Src/stm32g4xx_hal_msp.o
                0x0000000008004cac                HAL_TIM_Base_MspInit
 .text.HAL_TIM_MspPostInit
                0x0000000008004cec      0x218 ./Core/Src/stm32g4xx_hal_msp.o
                0x0000000008004cec                HAL_TIM_MspPostInit
 .text.NMI_Handler
                0x0000000008004f04        0x6 ./Core/Src/stm32g4xx_it.o
                0x0000000008004f04                NMI_Handler
 .text.HardFault_Handler
                0x0000000008004f0a        0x6 ./Core/Src/stm32g4xx_it.o
                0x0000000008004f0a                HardFault_Handler
 .text.MemManage_Handler
                0x0000000008004f10        0x6 ./Core/Src/stm32g4xx_it.o
                0x0000000008004f10                MemManage_Handler
 .text.BusFault_Handler
                0x0000000008004f16        0x6 ./Core/Src/stm32g4xx_it.o
                0x0000000008004f16                BusFault_Handler
 .text.UsageFault_Handler
                0x0000000008004f1c        0x6 ./Core/Src/stm32g4xx_it.o
                0x0000000008004f1c                UsageFault_Handler
 .text.SVC_Handler
                0x0000000008004f22        0xe ./Core/Src/stm32g4xx_it.o
                0x0000000008004f22                SVC_Handler
 .text.DebugMon_Handler
                0x0000000008004f30        0xe ./Core/Src/stm32g4xx_it.o
                0x0000000008004f30                DebugMon_Handler
 .text.PendSV_Handler
                0x0000000008004f3e        0xe ./Core/Src/stm32g4xx_it.o
                0x0000000008004f3e                PendSV_Handler
 .text.SysTick_Handler
                0x0000000008004f4c      0x168 ./Core/Src/stm32g4xx_it.o
                0x0000000008004f4c                SysTick_Handler
 .text.FDCAN1_IT0_IRQHandler
                0x00000000080050b4       0x14 ./Core/Src/stm32g4xx_it.o
                0x00000000080050b4                FDCAN1_IT0_IRQHandler
 .text.SystemInit
                0x00000000080050c8       0x24 ./Core/Src/system_stm32g4xx.o
                0x00000000080050c8                SystemInit
 .text.Reset_Handler
                0x00000000080050ec       0x50 ./Core/Startup/startup_stm32g431rbtx.o
                0x00000000080050ec                Reset_Handler
 .text.Default_Handler
                0x000000000800513c        0x2 ./Core/Startup/startup_stm32g431rbtx.o
                0x000000000800513c                TIM1_BRK_TIM15_IRQHandler
                0x000000000800513c                EXTI2_IRQHandler
                0x000000000800513c                TIM8_TRG_COM_IRQHandler
                0x000000000800513c                TIM8_CC_IRQHandler
                0x000000000800513c                TIM1_CC_IRQHandler
                0x000000000800513c                USB_HP_IRQHandler
                0x000000000800513c                CORDIC_IRQHandler
                0x000000000800513c                EXTI3_IRQHandler
                0x000000000800513c                I2C3_ER_IRQHandler
                0x000000000800513c                EXTI0_IRQHandler
                0x000000000800513c                I2C2_EV_IRQHandler
                0x000000000800513c                FPU_IRQHandler
                0x000000000800513c                FDCAN1_IT1_IRQHandler
                0x000000000800513c                TIM1_UP_TIM16_IRQHandler
                0x000000000800513c                ADC1_2_IRQHandler
                0x000000000800513c                SPI1_IRQHandler
                0x000000000800513c                TIM6_DAC_IRQHandler
                0x000000000800513c                TIM8_UP_IRQHandler
                0x000000000800513c                DMA2_Channel2_IRQHandler
                0x000000000800513c                DMA1_Channel4_IRQHandler
                0x000000000800513c                USART3_IRQHandler
                0x000000000800513c                TIM4_IRQHandler
                0x000000000800513c                DMA2_Channel1_IRQHandler
                0x000000000800513c                I2C1_EV_IRQHandler
                0x000000000800513c                DMA1_Channel6_IRQHandler
                0x000000000800513c                UART4_IRQHandler
                0x000000000800513c                DMA2_Channel4_IRQHandler
                0x000000000800513c                TIM3_IRQHandler
                0x000000000800513c                RCC_IRQHandler
                0x000000000800513c                DMA1_Channel1_IRQHandler
                0x000000000800513c                Default_Handler
                0x000000000800513c                RTC_TAMP_LSECSS_IRQHandler
                0x000000000800513c                FMAC_IRQHandler
                0x000000000800513c                EXTI15_10_IRQHandler
                0x000000000800513c                TIM7_IRQHandler
                0x000000000800513c                UCPD1_IRQHandler
                0x000000000800513c                I2C3_EV_IRQHandler
                0x000000000800513c                EXTI9_5_IRQHandler
                0x000000000800513c                RTC_WKUP_IRQHandler
                0x000000000800513c                PVD_PVM_IRQHandler
                0x000000000800513c                SPI2_IRQHandler
                0x000000000800513c                DMA2_Channel5_IRQHandler
                0x000000000800513c                CRS_IRQHandler
                0x000000000800513c                DMA1_Channel5_IRQHandler
                0x000000000800513c                USB_LP_IRQHandler
                0x000000000800513c                EXTI4_IRQHandler
                0x000000000800513c                RNG_IRQHandler
                0x000000000800513c                TIM1_TRG_COM_TIM17_IRQHandler
                0x000000000800513c                DMA1_Channel3_IRQHandler
                0x000000000800513c                WWDG_IRQHandler
                0x000000000800513c                LPUART1_IRQHandler
                0x000000000800513c                DMA2_Channel6_IRQHandler
                0x000000000800513c                TIM2_IRQHandler
                0x000000000800513c                COMP1_2_3_IRQHandler
                0x000000000800513c                EXTI1_IRQHandler
                0x000000000800513c                USART2_IRQHandler
                0x000000000800513c                I2C2_ER_IRQHandler
                0x000000000800513c                DMA1_Channel2_IRQHandler
                0x000000000800513c                TIM8_BRK_IRQHandler
                0x000000000800513c                FLASH_IRQHandler
                0x000000000800513c                USART1_IRQHandler
                0x000000000800513c                SPI3_IRQHandler
                0x000000000800513c                I2C1_ER_IRQHandler
                0x000000000800513c                LPTIM1_IRQHandler
                0x000000000800513c                DMAMUX_OVR_IRQHandler
                0x000000000800513c                USBWakeUp_IRQHandler
                0x000000000800513c                SAI1_IRQHandler
                0x000000000800513c                DMA2_Channel3_IRQHandler
                0x000000000800513c                COMP4_IRQHandler
                0x000000000800513c                RTC_Alarm_IRQHandler
 .text.HAL_Init
                0x000000000800513e       0x30 ./Drivers/STM32G4xx_HAL_Driver/Src/stm32g4xx_hal.o
                0x000000000800513e                HAL_Init
 *fill*         0x000000000800516e        0x2 
 .text.HAL_InitTick
                0x0000000008005170       0x74 ./Drivers/STM32G4xx_HAL_Driver/Src/stm32g4xx_hal.o
                0x0000000008005170                HAL_InitTick
 .text.HAL_IncTick
                0x00000000080051e4       0x24 ./Drivers/STM32G4xx_HAL_Driver/Src/stm32g4xx_hal.o
                0x00000000080051e4                HAL_IncTick
 .text.HAL_GetTick
                0x0000000008005208       0x18 ./Drivers/STM32G4xx_HAL_Driver/Src/stm32g4xx_hal.o
                0x0000000008005208                HAL_GetTick
 .text.HAL_Delay
                0x0000000008005220       0x44 ./Drivers/STM32G4xx_HAL_Driver/Src/stm32g4xx_hal.o
                0x0000000008005220                HAL_Delay
 .text.__NVIC_SetPriorityGrouping
                0x0000000008005264       0x48 ./Drivers/STM32G4xx_HAL_Driver/Src/stm32g4xx_hal_cortex.o
 .text.__NVIC_GetPriorityGrouping
                0x00000000080052ac       0x1c ./Drivers/STM32G4xx_HAL_Driver/Src/stm32g4xx_hal_cortex.o
 .text.__NVIC_EnableIRQ
                0x00000000080052c8       0x3c ./Drivers/STM32G4xx_HAL_Driver/Src/stm32g4xx_hal_cortex.o
 .text.__NVIC_SetPriority
                0x0000000008005304       0x54 ./Drivers/STM32G4xx_HAL_Driver/Src/stm32g4xx_hal_cortex.o
 .text.NVIC_EncodePriority
                0x0000000008005358       0x66 ./Drivers/STM32G4xx_HAL_Driver/Src/stm32g4xx_hal_cortex.o
 *fill*         0x00000000080053be        0x2 
 .text.SysTick_Config
                0x00000000080053c0       0x44 ./Drivers/STM32G4xx_HAL_Driver/Src/stm32g4xx_hal_cortex.o
 .text.HAL_NVIC_SetPriorityGrouping
                0x0000000008005404       0x16 ./Drivers/STM32G4xx_HAL_Driver/Src/stm32g4xx_hal_cortex.o
                0x0000000008005404                HAL_NVIC_SetPriorityGrouping
 .text.HAL_NVIC_SetPriority
                0x000000000800541a       0x34 ./Drivers/STM32G4xx_HAL_Driver/Src/stm32g4xx_hal_cortex.o
                0x000000000800541a                HAL_NVIC_SetPriority
 .text.HAL_NVIC_EnableIRQ
                0x000000000800544e       0x1c ./Drivers/STM32G4xx_HAL_Driver/Src/stm32g4xx_hal_cortex.o
                0x000000000800544e                HAL_NVIC_EnableIRQ
 .text.HAL_SYSTICK_Config
                0x000000000800546a       0x18 ./Drivers/STM32G4xx_HAL_Driver/Src/stm32g4xx_hal_cortex.o
                0x000000000800546a                HAL_SYSTICK_Config
 *fill*         0x0000000008005482        0x2 
 .text.HAL_FDCAN_Init
                0x0000000008005484      0x2b4 ./Drivers/STM32G4xx_HAL_Driver/Src/stm32g4xx_hal_fdcan.o
                0x0000000008005484                HAL_FDCAN_Init
 .text.HAL_FDCAN_ConfigFilter
                0x0000000008005738       0xb4 ./Drivers/STM32G4xx_HAL_Driver/Src/stm32g4xx_hal_fdcan.o
                0x0000000008005738                HAL_FDCAN_ConfigFilter
 .text.HAL_FDCAN_Start
                0x00000000080057ec       0x50 ./Drivers/STM32G4xx_HAL_Driver/Src/stm32g4xx_hal_fdcan.o
                0x00000000080057ec                HAL_FDCAN_Start
 .text.HAL_FDCAN_AddMessageToTxFifoQ
                0x000000000800583c       0x88 ./Drivers/STM32G4xx_HAL_Driver/Src/stm32g4xx_hal_fdcan.o
                0x000000000800583c                HAL_FDCAN_AddMessageToTxFifoQ
 .text.HAL_FDCAN_GetRxMessage
                0x00000000080058c4      0x1b4 ./Drivers/STM32G4xx_HAL_Driver/Src/stm32g4xx_hal_fdcan.o
                0x00000000080058c4                HAL_FDCAN_GetRxMessage
 .text.HAL_FDCAN_ActivateNotification
                0x0000000008005a78      0x1cc ./Drivers/STM32G4xx_HAL_Driver/Src/stm32g4xx_hal_fdcan.o
                0x0000000008005a78                HAL_FDCAN_ActivateNotification
 .text.HAL_FDCAN_IRQHandler
                0x0000000008005c44      0x272 ./Drivers/STM32G4xx_HAL_Driver/Src/stm32g4xx_hal_fdcan.o
                0x0000000008005c44                HAL_FDCAN_IRQHandler
 .text.HAL_FDCAN_TxEventFifoCallback
                0x0000000008005eb6       0x16 ./Drivers/STM32G4xx_HAL_Driver/Src/stm32g4xx_hal_fdcan.o
                0x0000000008005eb6                HAL_FDCAN_TxEventFifoCallback
 .text.HAL_FDCAN_RxFifo1Callback
                0x0000000008005ecc       0x16 ./Drivers/STM32G4xx_HAL_Driver/Src/stm32g4xx_hal_fdcan.o
                0x0000000008005ecc                HAL_FDCAN_RxFifo1Callback
 .text.HAL_FDCAN_TxFifoEmptyCallback
                0x0000000008005ee2       0x14 ./Drivers/STM32G4xx_HAL_Driver/Src/stm32g4xx_hal_fdcan.o
                0x0000000008005ee2                HAL_FDCAN_TxFifoEmptyCallback
 .text.HAL_FDCAN_TxBufferCompleteCallback
                0x0000000008005ef6       0x16 ./Drivers/STM32G4xx_HAL_Driver/Src/stm32g4xx_hal_fdcan.o
                0x0000000008005ef6                HAL_FDCAN_TxBufferCompleteCallback
 .text.HAL_FDCAN_TxBufferAbortCallback
                0x0000000008005f0c       0x16 ./Drivers/STM32G4xx_HAL_Driver/Src/stm32g4xx_hal_fdcan.o
                0x0000000008005f0c                HAL_FDCAN_TxBufferAbortCallback
 .text.HAL_FDCAN_TimestampWraparoundCallback
                0x0000000008005f22       0x14 ./Drivers/STM32G4xx_HAL_Driver/Src/stm32g4xx_hal_fdcan.o
                0x0000000008005f22                HAL_FDCAN_TimestampWraparoundCallback
 .text.HAL_FDCAN_TimeoutOccurredCallback
                0x0000000008005f36       0x14 ./Drivers/STM32G4xx_HAL_Driver/Src/stm32g4xx_hal_fdcan.o
                0x0000000008005f36                HAL_FDCAN_TimeoutOccurredCallback
 .text.HAL_FDCAN_HighPriorityMessageCallback
                0x0000000008005f4a       0x14 ./Drivers/STM32G4xx_HAL_Driver/Src/stm32g4xx_hal_fdcan.o
                0x0000000008005f4a                HAL_FDCAN_HighPriorityMessageCallback
 .text.HAL_FDCAN_ErrorCallback
                0x0000000008005f5e       0x14 ./Drivers/STM32G4xx_HAL_Driver/Src/stm32g4xx_hal_fdcan.o
                0x0000000008005f5e                HAL_FDCAN_ErrorCallback
 .text.HAL_FDCAN_ErrorStatusCallback
                0x0000000008005f72       0x16 ./Drivers/STM32G4xx_HAL_Driver/Src/stm32g4xx_hal_fdcan.o
                0x0000000008005f72                HAL_FDCAN_ErrorStatusCallback
 .text.FDCAN_CalcultateRamBlockAddresses
                0x0000000008005f88       0xac ./Drivers/STM32G4xx_HAL_Driver/Src/stm32g4xx_hal_fdcan.o
 .text.FDCAN_CopyMessageToRAM
                0x0000000008006034       0xf8 ./Drivers/STM32G4xx_HAL_Driver/Src/stm32g4xx_hal_fdcan.o
 .text.HAL_GPIO_Init
                0x000000000800612c      0x304 ./Drivers/STM32G4xx_HAL_Driver/Src/stm32g4xx_hal_gpio.o
                0x000000000800612c                HAL_GPIO_Init
 .text.HAL_GPIO_WritePin
                0x0000000008006430       0x30 ./Drivers/STM32G4xx_HAL_Driver/Src/stm32g4xx_hal_gpio.o
                0x0000000008006430                HAL_GPIO_WritePin
 .text.HAL_I2C_Init
                0x0000000008006460      0x11e ./Drivers/STM32G4xx_HAL_Driver/Src/stm32g4xx_hal_i2c.o
                0x0000000008006460                HAL_I2C_Init
 *fill*         0x000000000800657e        0x2 
 .text.HAL_I2C_Mem_Write
                0x0000000008006580      0x228 ./Drivers/STM32G4xx_HAL_Driver/Src/stm32g4xx_hal_i2c.o
                0x0000000008006580                HAL_I2C_Mem_Write
 .text.HAL_I2C_Mem_Read
                0x00000000080067a8      0x234 ./Drivers/STM32G4xx_HAL_Driver/Src/stm32g4xx_hal_i2c.o
                0x00000000080067a8                HAL_I2C_Mem_Read
 .text.I2C_RequestMemoryWrite
                0x00000000080069dc       0xa8 ./Drivers/STM32G4xx_HAL_Driver/Src/stm32g4xx_hal_i2c.o
 .text.I2C_RequestMemoryRead
                0x0000000008006a84       0xa8 ./Drivers/STM32G4xx_HAL_Driver/Src/stm32g4xx_hal_i2c.o
 .text.I2C_Flush_TXDR
                0x0000000008006b2c       0x48 ./Drivers/STM32G4xx_HAL_Driver/Src/stm32g4xx_hal_i2c.o
 .text.I2C_WaitOnFlagUntilTimeout
                0x0000000008006b74       0x80 ./Drivers/STM32G4xx_HAL_Driver/Src/stm32g4xx_hal_i2c.o
 .text.I2C_WaitOnTXISFlagUntilTimeout
                0x0000000008006bf4       0x80 ./Drivers/STM32G4xx_HAL_Driver/Src/stm32g4xx_hal_i2c.o
 .text.I2C_WaitOnSTOPFlagUntilTimeout
                0x0000000008006c74       0x78 ./Drivers/STM32G4xx_HAL_Driver/Src/stm32g4xx_hal_i2c.o
 .text.I2C_IsErrorOccurred
                0x0000000008006cec      0x1d8 ./Drivers/STM32G4xx_HAL_Driver/Src/stm32g4xx_hal_i2c.o
 .text.I2C_TransferConfig
                0x0000000008006ec4       0x64 ./Drivers/STM32G4xx_HAL_Driver/Src/stm32g4xx_hal_i2c.o
 .text.HAL_I2CEx_ConfigAnalogFilter
                0x0000000008006f28       0x96 ./Drivers/STM32G4xx_HAL_Driver/Src/stm32g4xx_hal_i2c_ex.o
                0x0000000008006f28                HAL_I2CEx_ConfigAnalogFilter
 .text.HAL_I2CEx_ConfigDigitalFilter
                0x0000000008006fbe       0x98 ./Drivers/STM32G4xx_HAL_Driver/Src/stm32g4xx_hal_i2c_ex.o
                0x0000000008006fbe                HAL_I2CEx_ConfigDigitalFilter
 *fill*         0x0000000008007056        0x2 
 .text.HAL_PWREx_ControlVoltageScaling
                0x0000000008007058      0x148 ./Drivers/STM32G4xx_HAL_Driver/Src/stm32g4xx_hal_pwr_ex.o
                0x0000000008007058                HAL_PWREx_ControlVoltageScaling
 .text.HAL_PWREx_DisableUCPDDeadBattery
                0x00000000080071a0       0x20 ./Drivers/STM32G4xx_HAL_Driver/Src/stm32g4xx_hal_pwr_ex.o
                0x00000000080071a0                HAL_PWREx_DisableUCPDDeadBattery
 .text.HAL_RCC_OscConfig
                0x00000000080071c0      0x630 ./Drivers/STM32G4xx_HAL_Driver/Src/stm32g4xx_hal_rcc.o
                0x00000000080071c0                HAL_RCC_OscConfig
 .text.HAL_RCC_ClockConfig
                0x00000000080077f0      0x278 ./Drivers/STM32G4xx_HAL_Driver/Src/stm32g4xx_hal_rcc.o
                0x00000000080077f0                HAL_RCC_ClockConfig
 .text.HAL_RCC_GetSysClockFreq
                0x0000000008007a68       0xc4 ./Drivers/STM32G4xx_HAL_Driver/Src/stm32g4xx_hal_rcc.o
                0x0000000008007a68                HAL_RCC_GetSysClockFreq
 .text.HAL_RCC_GetHCLKFreq
                0x0000000008007b2c       0x18 ./Drivers/STM32G4xx_HAL_Driver/Src/stm32g4xx_hal_rcc.o
                0x0000000008007b2c                HAL_RCC_GetHCLKFreq
 .text.HAL_RCC_GetPCLK1Freq
                0x0000000008007b44       0x2c ./Drivers/STM32G4xx_HAL_Driver/Src/stm32g4xx_hal_rcc.o
                0x0000000008007b44                HAL_RCC_GetPCLK1Freq
 .text.HAL_RCC_GetPCLK2Freq
                0x0000000008007b70       0x2c ./Drivers/STM32G4xx_HAL_Driver/Src/stm32g4xx_hal_rcc.o
                0x0000000008007b70                HAL_RCC_GetPCLK2Freq
 .text.RCC_GetSysClockFreqFromPLLSource
                0x0000000008007b9c       0x8c ./Drivers/STM32G4xx_HAL_Driver/Src/stm32g4xx_hal_rcc.o
 .text.HAL_RCCEx_PeriphCLKConfig
                0x0000000008007c28      0x3e0 ./Drivers/STM32G4xx_HAL_Driver/Src/stm32g4xx_hal_rcc_ex.o
                0x0000000008007c28                HAL_RCCEx_PeriphCLKConfig
 .text.HAL_SPI_Init
                0x0000000008008008      0x156 ./Drivers/STM32G4xx_HAL_Driver/Src/stm32g4xx_hal_spi.o
                0x0000000008008008                HAL_SPI_Init
 .text.HAL_TIM_Base_Init
                0x000000000800815e       0xae ./Drivers/STM32G4xx_HAL_Driver/Src/stm32g4xx_hal_tim.o
                0x000000000800815e                HAL_TIM_Base_Init
 .text.HAL_TIM_PWM_Init
                0x000000000800820c       0xae ./Drivers/STM32G4xx_HAL_Driver/Src/stm32g4xx_hal_tim.o
                0x000000000800820c                HAL_TIM_PWM_Init
 *fill*         0x00000000080082ba        0x2 
 .text.HAL_TIM_PWM_Start
                0x00000000080082bc      0x200 ./Drivers/STM32G4xx_HAL_Driver/Src/stm32g4xx_hal_tim.o
                0x00000000080082bc                HAL_TIM_PWM_Start
 .text.HAL_TIM_PWM_ConfigChannel
                0x00000000080084bc      0x228 ./Drivers/STM32G4xx_HAL_Driver/Src/stm32g4xx_hal_tim.o
                0x00000000080084bc                HAL_TIM_PWM_ConfigChannel
 .text.TIM_Base_SetConfig
                0x00000000080086e4      0x120 ./Drivers/STM32G4xx_HAL_Driver/Src/stm32g4xx_hal_tim.o
                0x00000000080086e4                TIM_Base_SetConfig
 .text.TIM_OC1_SetConfig
                0x0000000008008804      0x120 ./Drivers/STM32G4xx_HAL_Driver/Src/stm32g4xx_hal_tim.o
 .text.TIM_OC2_SetConfig
                0x0000000008008924      0x114 ./Drivers/STM32G4xx_HAL_Driver/Src/stm32g4xx_hal_tim.o
                0x0000000008008924                TIM_OC2_SetConfig
 .text.TIM_OC3_SetConfig
                0x0000000008008a38      0x110 ./Drivers/STM32G4xx_HAL_Driver/Src/stm32g4xx_hal_tim.o
 .text.TIM_OC4_SetConfig
                0x0000000008008b48      0x114 ./Drivers/STM32G4xx_HAL_Driver/Src/stm32g4xx_hal_tim.o
 .text.TIM_OC5_SetConfig
                0x0000000008008c5c       0xc8 ./Drivers/STM32G4xx_HAL_Driver/Src/stm32g4xx_hal_tim.o
 .text.TIM_OC6_SetConfig
                0x0000000008008d24       0xcc ./Drivers/STM32G4xx_HAL_Driver/Src/stm32g4xx_hal_tim.o
 .text.TIM_CCxChannelCmd
                0x0000000008008df0       0x4a ./Drivers/STM32G4xx_HAL_Driver/Src/stm32g4xx_hal_tim.o
                0x0000000008008df0                TIM_CCxChannelCmd
 *fill*         0x0000000008008e3a        0x2 
 .text.HAL_TIMEx_MasterConfigSynchronization
                0x0000000008008e3c      0x104 ./Drivers/STM32G4xx_HAL_Driver/Src/stm32g4xx_hal_tim_ex.o
                0x0000000008008e3c                HAL_TIMEx_MasterConfigSynchronization
 .text.HAL_TIMEx_ConfigBreakDeadTime
                0x0000000008008f40      0x140 ./Drivers/STM32G4xx_HAL_Driver/Src/stm32g4xx_hal_tim_ex.o
                0x0000000008008f40                HAL_TIMEx_ConfigBreakDeadTime
 .text.HAL_UART_Init
                0x0000000008009080       0xa0 ./Drivers/STM32G4xx_HAL_Driver/Src/stm32g4xx_hal_uart.o
                0x0000000008009080                HAL_UART_Init
 .text.UART_SetConfig
                0x0000000008009120      0x598 ./Drivers/STM32G4xx_HAL_Driver/Src/stm32g4xx_hal_uart.o
                0x0000000008009120                UART_SetConfig
 .text.UART_AdvFeatureConfig
                0x00000000080096b8      0x144 ./Drivers/STM32G4xx_HAL_Driver/Src/stm32g4xx_hal_uart.o
                0x00000000080096b8                UART_AdvFeatureConfig
 .text.UART_CheckIdleState
                0x00000000080097fc       0x96 ./Drivers/STM32G4xx_HAL_Driver/Src/stm32g4xx_hal_uart.o
                0x00000000080097fc                UART_CheckIdleState
 .text.UART_WaitOnFlagUntilTimeout
                0x0000000008009892      0x190 ./Drivers/STM32G4xx_HAL_Driver/Src/stm32g4xx_hal_uart.o
                0x0000000008009892                UART_WaitOnFlagUntilTimeout
 .text.HAL_UARTEx_DisableFifoMode
                0x0000000008009a22       0x72 ./Drivers/STM32G4xx_HAL_Driver/Src/stm32g4xx_hal_uart_ex.o
                0x0000000008009a22                HAL_UARTEx_DisableFifoMode
 .text.HAL_UARTEx_SetTxFifoThreshold
                0x0000000008009a94       0x7c ./Drivers/STM32G4xx_HAL_Driver/Src/stm32g4xx_hal_uart_ex.o
                0x0000000008009a94                HAL_UARTEx_SetTxFifoThreshold
 .text.HAL_UARTEx_SetRxFifoThreshold
                0x0000000008009b10       0x7c ./Drivers/STM32G4xx_HAL_Driver/Src/stm32g4xx_hal_uart_ex.o
                0x0000000008009b10                HAL_UARTEx_SetRxFifoThreshold
 .text.UARTEx_SetNbDataToProcess
                0x0000000008009b8c       0x9c ./Drivers/STM32G4xx_HAL_Driver/Src/stm32g4xx_hal_uart_ex.o
 .text.__libc_init_array
                0x0000000008009c28       0x48 /Applications/STM32CubeIDE.app/Contents/Eclipse/plugins/com.st.stm32cube.ide.mcu.externaltools.gnu-tools-for-stm32.10.3-2021.10.macos64_1.0.100.202210260954/tools/bin/../lib/gcc/arm-none-eabi/10.3.1/../../../../arm-none-eabi/lib/thumb/v7e-m+fp/hard/libc_nano.a(lib_a-init.o)
                0x0000000008009c28                __libc_init_array
 .text.memcpy   0x0000000008009c70       0x1c /Applications/STM32CubeIDE.app/Contents/Eclipse/plugins/com.st.stm32cube.ide.mcu.externaltools.gnu-tools-for-stm32.10.3-2021.10.macos64_1.0.100.202210260954/tools/bin/../lib/gcc/arm-none-eabi/10.3.1/../../../../arm-none-eabi/lib/thumb/v7e-m+fp/hard/libc_nano.a(lib_a-memcpy-stub.o)
                0x0000000008009c70                memcpy
 .text.memset   0x0000000008009c8c       0x10 /Applications/STM32CubeIDE.app/Contents/Eclipse/plugins/com.st.stm32cube.ide.mcu.externaltools.gnu-tools-for-stm32.10.3-2021.10.macos64_1.0.100.202210260954/tools/bin/../lib/gcc/arm-none-eabi/10.3.1/../../../../arm-none-eabi/lib/thumb/v7e-m+fp/hard/libc_nano.a(lib_a-memset.o)
                0x0000000008009c8c                memset
 *(.glue_7)
 .glue_7        0x0000000008009c9c        0x0 linker stubs
 *(.glue_7t)
 .glue_7t       0x0000000008009c9c        0x0 linker stubs
 *(.eh_frame)
 .eh_frame      0x0000000008009c9c        0x0 /Applications/STM32CubeIDE.app/Contents/Eclipse/plugins/com.st.stm32cube.ide.mcu.externaltools.gnu-tools-for-stm32.10.3-2021.10.macos64_1.0.100.202210260954/tools/bin/../lib/gcc/arm-none-eabi/10.3.1/thumb/v7e-m+fp/hard/crtbegin.o
 *(.init)
 .init          0x0000000008009c9c        0x4 /Applications/STM32CubeIDE.app/Contents/Eclipse/plugins/com.st.stm32cube.ide.mcu.externaltools.gnu-tools-for-stm32.10.3-2021.10.macos64_1.0.100.202210260954/tools/bin/../lib/gcc/arm-none-eabi/10.3.1/thumb/v7e-m+fp/hard/crti.o
                0x0000000008009c9c                _init
 .init          0x0000000008009ca0        0x8 /Applications/STM32CubeIDE.app/Contents/Eclipse/plugins/com.st.stm32cube.ide.mcu.externaltools.gnu-tools-for-stm32.10.3-2021.10.macos64_1.0.100.202210260954/tools/bin/../lib/gcc/arm-none-eabi/10.3.1/thumb/v7e-m+fp/hard/crtn.o
 *(.fini)
 .fini          0x0000000008009ca8        0x4 /Applications/STM32CubeIDE.app/Contents/Eclipse/plugins/com.st.stm32cube.ide.mcu.externaltools.gnu-tools-for-stm32.10.3-2021.10.macos64_1.0.100.202210260954/tools/bin/../lib/gcc/arm-none-eabi/10.3.1/thumb/v7e-m+fp/hard/crti.o
                0x0000000008009ca8                _fini
 .fini          0x0000000008009cac        0x8 /Applications/STM32CubeIDE.app/Contents/Eclipse/plugins/com.st.stm32cube.ide.mcu.externaltools.gnu-tools-for-stm32.10.3-2021.10.macos64_1.0.100.202210260954/tools/bin/../lib/gcc/arm-none-eabi/10.3.1/thumb/v7e-m+fp/hard/crtn.o
                0x0000000008009cb4                . = ALIGN (0x4)
                0x0000000008009cb4                _etext = .

.vfp11_veneer   0x0000000008009cb4        0x0
 .vfp11_veneer  0x0000000008009cb4        0x0 linker stubs

.v4_bx          0x0000000008009cb4        0x0
 .v4_bx         0x0000000008009cb4        0x0 linker stubs

.iplt           0x0000000008009cb4        0x0
 .iplt          0x0000000008009cb4        0x0 /Applications/STM32CubeIDE.app/Contents/Eclipse/plugins/com.st.stm32cube.ide.mcu.externaltools.gnu-tools-for-stm32.10.3-2021.10.macos64_1.0.100.202210260954/tools/bin/../lib/gcc/arm-none-eabi/10.3.1/thumb/v7e-m+fp/hard/crtbegin.o

.rodata         0x0000000008009cb4       0x58
                0x0000000008009cb4                . = ALIGN (0x4)
 *(.rodata)
 .rodata        0x0000000008009cb4        0x7 ./Core/Src/main.o
 *(.rodata*)
 *fill*         0x0000000008009cbb        0x1 
 .rodata.AHBPrescTable
                0x0000000008009cbc       0x10 ./Core/Src/system_stm32g4xx.o
                0x0000000008009cbc                AHBPrescTable
 .rodata.APBPrescTable
                0x0000000008009ccc        0x8 ./Core/Src/system_stm32g4xx.o
                0x0000000008009ccc                APBPrescTable
 .rodata.DLCtoBytes
                0x0000000008009cd4       0x10 ./Drivers/STM32G4xx_HAL_Driver/Src/stm32g4xx_hal_fdcan.o
 .rodata.UARTPrescTable
                0x0000000008009ce4       0x18 ./Drivers/STM32G4xx_HAL_Driver/Src/stm32g4xx_hal_uart.o
                0x0000000008009ce4                UARTPrescTable
 .rodata.numerator.1
                0x0000000008009cfc        0x8 ./Drivers/STM32G4xx_HAL_Driver/Src/stm32g4xx_hal_uart_ex.o
 .rodata.denominator.0
                0x0000000008009d04        0x8 ./Drivers/STM32G4xx_HAL_Driver/Src/stm32g4xx_hal_uart_ex.o
                0x0000000008009d0c                . = ALIGN (0x4)

.ARM.extab      0x0000000008009d0c        0x0
                0x0000000008009d0c                . = ALIGN (0x4)
 *(.ARM.extab* .gnu.linkonce.armextab.*)
                0x0000000008009d0c                . = ALIGN (0x4)

.ARM            0x0000000008009d0c        0x8
                0x0000000008009d0c                . = ALIGN (0x4)
                0x0000000008009d0c                __exidx_start = .
 *(.ARM.exidx*)
 .ARM.exidx     0x0000000008009d0c        0x8 /Applications/STM32CubeIDE.app/Contents/Eclipse/plugins/com.st.stm32cube.ide.mcu.externaltools.gnu-tools-for-stm32.10.3-2021.10.macos64_1.0.100.202210260954/tools/bin/../lib/gcc/arm-none-eabi/10.3.1/thumb/v7e-m+fp/hard/libgcc.a(_udivmoddi4.o)
                0x0000000008009d14                __exidx_end = .
                0x0000000008009d14                . = ALIGN (0x4)

.rel.dyn        0x0000000008009d14        0x0
 .rel.iplt      0x0000000008009d14        0x0 /Applications/STM32CubeIDE.app/Contents/Eclipse/plugins/com.st.stm32cube.ide.mcu.externaltools.gnu-tools-for-stm32.10.3-2021.10.macos64_1.0.100.202210260954/tools/bin/../lib/gcc/arm-none-eabi/10.3.1/thumb/v7e-m+fp/hard/crtbegin.o

.preinit_array  0x0000000008009d14        0x0
                0x0000000008009d14                . = ALIGN (0x4)
                0x0000000008009d14                PROVIDE (__preinit_array_start = .)
 *(.preinit_array*)
                0x0000000008009d14                PROVIDE (__preinit_array_end = .)
                0x0000000008009d14                . = ALIGN (0x4)

.init_array     0x0000000008009d14        0x4
                0x0000000008009d14                . = ALIGN (0x4)
                0x0000000008009d14                PROVIDE (__init_array_start = .)
 *(SORT_BY_NAME(.init_array.*))
 *(.init_array*)
 .init_array    0x0000000008009d14        0x4 /Applications/STM32CubeIDE.app/Contents/Eclipse/plugins/com.st.stm32cube.ide.mcu.externaltools.gnu-tools-for-stm32.10.3-2021.10.macos64_1.0.100.202210260954/tools/bin/../lib/gcc/arm-none-eabi/10.3.1/thumb/v7e-m+fp/hard/crtbegin.o
                0x0000000008009d18                PROVIDE (__init_array_end = .)
                0x0000000008009d18                . = ALIGN (0x4)

.fini_array     0x0000000008009d18        0x4
                0x0000000008009d18                . = ALIGN (0x4)
                [!provide]                        PROVIDE (__fini_array_start = .)
 *(SORT_BY_NAME(.fini_array.*))
 *(.fini_array*)
 .fini_array    0x0000000008009d18        0x4 /Applications/STM32CubeIDE.app/Contents/Eclipse/plugins/com.st.stm32cube.ide.mcu.externaltools.gnu-tools-for-stm32.10.3-2021.10.macos64_1.0.100.202210260954/tools/bin/../lib/gcc/arm-none-eabi/10.3.1/thumb/v7e-m+fp/hard/crtbegin.o
                [!provide]                        PROVIDE (__fini_array_end = .)
                0x0000000008009d1c                . = ALIGN (0x4)
                0x0000000008009d1c                _sidata = LOADADDR (.data)

.data           0x0000000020000000       0x84 load address 0x0000000008009d1c
                0x0000000020000000                . = ALIGN (0x4)
                0x0000000020000000                _sdata = .
 *(.data)
 *(.data*)
 .data.FELICESPERDIDOS
                0x0000000020000000        0x1 ./Core/Src/globvariabler_def.o
                0x0000000020000000                FELICESPERDIDOS
 .data.ENDRE_FREKVENS
                0x0000000020000001        0x1 ./Core/Src/globvariabler_def.o
                0x0000000020000001                ENDRE_FREKVENS
 *fill*         0x0000000020000002        0x2 
 .data.BEGRENSING
                0x0000000020000004        0x4 ./Core/Src/globvariabler_def.o
                0x0000000020000004                BEGRENSING
 .data.motorkar
                0x0000000020000008        0x4 ./Core/Src/globvariabler_def.o
                0x0000000020000008                motorkar
 .data.lowpass_thruster
                0x000000002000000c        0x8 ./Core/Src/globvariabler_def.o
                0x000000002000000c                lowpass_thruster
 .data.lowpass_manpu_steg
                0x0000000020000014        0x8 ./Core/Src/globvariabler_def.o
                0x0000000020000014                lowpass_manpu_steg
 .data.lowpass_manpu_borste
                0x000000002000001c        0x8 ./Core/Src/globvariabler_def.o
                0x000000002000001c                lowpass_manpu_borste
 .data.pos_paa_PWM
                0x0000000020000024        0x8 ./Core/Src/globvariabler_def.o
                0x0000000020000024                pos_paa_PWM
 .data.neg_paa_PWM
                0x000000002000002c        0x8 ./Core/Src/globvariabler_def.o
                0x000000002000002c                neg_paa_PWM
 .data.pos_kr_paa
                0x0000000020000034        0x8 ./Core/Src/globvariabler_def.o
                0x0000000020000034                pos_kr_paa
 .data.neg_kr_paa
                0x000000002000003c        0x8 ./Core/Src/globvariabler_def.o
                0x000000002000003c                neg_kr_paa
 .data.thrust_sensitivitet
                0x0000000020000044       0x14 ./Core/Src/globvariabler_def.o
                0x0000000020000044                thrust_sensitivitet
 .data.manpu_sensitivitet
                0x0000000020000058       0x10 ./Core/Src/globvariabler_def.o
                0x0000000020000058                manpu_sensitivitet
 .data.manu_ARR_default
                0x0000000020000068        0x8 ./Core/Src/globvariabler_def.o
                0x0000000020000068                manu_ARR_default
 .data.PID_felles
                0x0000000020000070        0x8 ./Core/Src/globvariabler_def.o
                0x0000000020000070                PID_felles
 .data.SystemCoreClock
                0x0000000020000078        0x4 ./Core/Src/system_stm32g4xx.o
                0x0000000020000078                SystemCoreClock
 .data.uwTickPrio
                0x000000002000007c        0x4 ./Drivers/STM32G4xx_HAL_Driver/Src/stm32g4xx_hal.o
                0x000000002000007c                uwTickPrio
 .data.uwTickFreq
                0x0000000020000080        0x4 ./Drivers/STM32G4xx_HAL_Driver/Src/stm32g4xx_hal.o
                0x0000000020000080                uwTickFreq
 *(.RamFunc)
 *(.RamFunc*)
                0x0000000020000084                . = ALIGN (0x4)
                0x0000000020000084                _edata = .

.igot.plt       0x0000000020000084        0x0 load address 0x0000000008009da0
 .igot.plt      0x0000000020000084        0x0 /Applications/STM32CubeIDE.app/Contents/Eclipse/plugins/com.st.stm32cube.ide.mcu.externaltools.gnu-tools-for-stm32.10.3-2021.10.macos64_1.0.100.202210260954/tools/bin/../lib/gcc/arm-none-eabi/10.3.1/thumb/v7e-m+fp/hard/crtbegin.o
                0x0000000020000084                . = ALIGN (0x4)

.bss            0x0000000020000084      0x668 load address 0x0000000008009da0
                0x0000000020000084                _sbss = .
                0x0000000020000084                __bss_start__ = _sbss
 *(.bss)
 .bss           0x0000000020000084       0x1c /Applications/STM32CubeIDE.app/Contents/Eclipse/plugins/com.st.stm32cube.ide.mcu.externaltools.gnu-tools-for-stm32.10.3-2021.10.macos64_1.0.100.202210260954/tools/bin/../lib/gcc/arm-none-eabi/10.3.1/thumb/v7e-m+fp/hard/crtbegin.o
 *(.bss*)
 .bss.teller_til_aktiver_reg_hiv.0
                0x00000000200000a0        0x4 ./Core/Src/funksjoner_thruster.o
 .bss.HIVREF    0x00000000200000a4        0x2 ./Core/Src/globvariabler_def.o
                0x00000000200000a4                HIVREF
 .bss.HIVREF10  0x00000000200000a6        0x1 ./Core/Src/globvariabler_def.o
                0x00000000200000a6                HIVREF10
 .bss.HIVREFm   0x00000000200000a7        0x1 ./Core/Src/globvariabler_def.o
                0x00000000200000a7                HIVREFm
 .bss.LITEN_SJEKK
                0x00000000200000a8        0x1 ./Core/Src/globvariabler_def.o
                0x00000000200000a8                LITEN_SJEKK
 .bss.REG_AKTIVER_DYBDE
                0x00000000200000a9        0x1 ./Core/Src/globvariabler_def.o
                0x00000000200000a9                REG_AKTIVER_DYBDE
 .bss.REG_AKTIVER
                0x00000000200000aa        0x1 ./Core/Src/globvariabler_def.o
                0x00000000200000aa                REG_AKTIVER
 .bss.MARCO     0x00000000200000ab        0x1 ./Core/Src/globvariabler_def.o
                0x00000000200000ab                MARCO
 .bss.MOTTATT_THRUST
                0x00000000200000ac        0x1 ./Core/Src/globvariabler_def.o
                0x00000000200000ac                MOTTATT_THRUST
 .bss.MOTTATT_MANIPULATOR
                0x00000000200000ad        0x1 ./Core/Src/globvariabler_def.o
                0x00000000200000ad                MOTTATT_MANIPULATOR
 .bss.MOTTATT_SENSOR
                0x00000000200000ae        0x1 ./Core/Src/globvariabler_def.o
                0x00000000200000ae                MOTTATT_SENSOR
 .bss.SUM_BIDRAG_STYRING
                0x00000000200000af        0x1 ./Core/Src/globvariabler_def.o
                0x00000000200000af                SUM_BIDRAG_STYRING
 .bss.SUM_BIDRAG_INKL_REG
                0x00000000200000b0        0x1 ./Core/Src/globvariabler_def.o
                0x00000000200000b0                SUM_BIDRAG_INKL_REG
 .bss.THRUST_TOPSIDE
                0x00000000200000b1        0x1 ./Core/Src/globvariabler_def.o
                0x00000000200000b1                THRUST_TOPSIDE
 .bss.LES_SEND_TEMP
                0x00000000200000b2        0x1 ./Core/Src/globvariabler_def.o
                0x00000000200000b2                LES_SEND_TEMP
 *fill*         0x00000000200000b3        0x1 
 .bss.sum_bidrag_int8
                0x00000000200000b4        0x8 ./Core/Src/globvariabler_def.o
                0x00000000200000b4                sum_bidrag_int8
 .bss.sum_bidrag_PWM
                0x00000000200000bc       0x10 ./Core/Src/globvariabler_def.o
                0x00000000200000bc                sum_bidrag_PWM
 .bss.operator_referanse
                0x00000000200000cc       0x14 ./Core/Src/globvariabler_def.o
                0x00000000200000cc                operator_referanse
 .bss.operator_referanse_int
                0x00000000200000e0        0x5 ./Core/Src/globvariabler_def.o
                0x00000000200000e0                operator_referanse_int
 *fill*         0x00000000200000e5        0x3 
 .bss.operator_referanse_int_forrige
                0x00000000200000e8        0x5 ./Core/Src/globvariabler_def.o
                0x00000000200000e8                operator_referanse_int_forrige
 *fill*         0x00000000200000ed        0x3 
 .bss.operatorbidrag
                0x00000000200000f0       0x20 ./Core/Src/globvariabler_def.o
                0x00000000200000f0                operatorbidrag
 .bss.sum_bidrag
                0x0000000020000110       0x20 ./Core/Src/globvariabler_def.o
                0x0000000020000110                sum_bidrag
 .bss.sum_bidrag_forrige1
                0x0000000020000130       0x20 ./Core/Src/globvariabler_def.o
                0x0000000020000130                sum_bidrag_forrige1
 .bss.reguleringbidrag_hiv
                0x0000000020000150       0x20 ./Core/Src/globvariabler_def.o
                0x0000000020000150                reguleringbidrag_hiv
 .bss.reguleringbidrag_stamp
                0x0000000020000170       0x20 ./Core/Src/globvariabler_def.o
                0x0000000020000170                reguleringbidrag_stamp
 .bss.reguleringbidrag_rull
                0x0000000020000190       0x20 ./Core/Src/globvariabler_def.o
                0x0000000020000190                reguleringbidrag_rull
 .bss.operator_manpu
                0x00000000200001b0       0x10 ./Core/Src/globvariabler_def.o
                0x00000000200001b0                operator_manpu
 .bss.operator_manpu_forrige1
                0x00000000200001c0       0x10 ./Core/Src/globvariabler_def.o
                0x00000000200001c0                operator_manpu_forrige1
 .bss.operator_manpu_int
                0x00000000200001d0        0x4 ./Core/Src/globvariabler_def.o
                0x00000000200001d0                operator_manpu_int
 .bss.operator_manpu_forrige1_int
                0x00000000200001d4        0x4 ./Core/Src/globvariabler_def.o
                0x00000000200001d4                operator_manpu_forrige1_int
 .bss.manu_ARR  0x00000000200001d8        0x8 ./Core/Src/globvariabler_def.o
                0x00000000200001d8                manu_ARR
 .bss.manu_CCR  0x00000000200001e0        0x8 ./Core/Src/globvariabler_def.o
                0x00000000200001e0                manu_CCR
 .bss.PID_hiv   0x00000000200001e8       0x3c ./Core/Src/globvariabler_def.o
                0x00000000200001e8                PID_hiv
 .bss.PID_stamp
                0x0000000020000224       0x3c ./Core/Src/globvariabler_def.o
                0x0000000020000224                PID_stamp
 .bss.PID_rull  0x0000000020000260       0x3c ./Core/Src/globvariabler_def.o
                0x0000000020000260                PID_rull
 .bss.sensordata
                0x000000002000029c        0xc ./Core/Src/globvariabler_def.o
                0x000000002000029c                sensordata
 .bss.REF       0x00000000200002a8        0xc ./Core/Src/globvariabler_def.o
                0x00000000200002a8                REF
 .bss.sensordata_int
                0x00000000200002b4        0x6 ./Core/Src/globvariabler_def.o
                0x00000000200002b4                sensordata_int
 *fill*         0x00000000200002ba        0x2 
 .bss.d_effekt  0x00000000200002bc        0x8 ./Core/Src/globvariabler_def.o
                0x00000000200002bc                d_effekt
 .bss.kraftdata
                0x00000000200002c4       0x14 ./Core/Src/globvariabler_def.o
                0x00000000200002c4                kraftdata
 .bss.kraftdata_int
                0x00000000200002d8        0x4 ./Core/Src/globvariabler_def.o
                0x00000000200002d8                kraftdata_int
 .bss.bryter_trykk
                0x00000000200002dc        0x1 ./Core/Src/globvariabler_def.o
                0x00000000200002dc                bryter_trykk
 .bss.bryter_forrige_status
                0x00000000200002dd        0x1 ./Core/Src/globvariabler_def.o
                0x00000000200002dd                bryter_forrige_status
 *fill*         0x00000000200002de        0x2 
 .bss.ny_param  0x00000000200002e0        0x8 ./Core/Src/globvariabler_def.o
                0x00000000200002e0                ny_param
 .bss.hfdcan1   0x00000000200002e8       0x64 ./Core/Src/main.o
                0x00000000200002e8                hfdcan1
 .bss.hi2c3     0x000000002000034c       0x4c ./Core/Src/main.o
                0x000000002000034c                hi2c3
 .bss.hlpuart1  0x0000000020000398       0x90 ./Core/Src/main.o
                0x0000000020000398                hlpuart1
 .bss.hspi1     0x0000000020000428       0x64 ./Core/Src/main.o
                0x0000000020000428                hspi1
 .bss.htim1     0x000000002000048c       0x4c ./Core/Src/main.o
                0x000000002000048c                htim1
 .bss.htim2     0x00000000200004d8       0x4c ./Core/Src/main.o
                0x00000000200004d8                htim2
 .bss.htim3     0x0000000020000524       0x4c ./Core/Src/main.o
                0x0000000020000524                htim3
 .bss.htim8     0x0000000020000570       0x4c ./Core/Src/main.o
                0x0000000020000570                htim8
 .bss.htim15    0x00000000200005bc       0x4c ./Core/Src/main.o
                0x00000000200005bc                htim15
 .bss.htim16    0x0000000020000608       0x4c ./Core/Src/main.o
                0x0000000020000608                htim16
 .bss.sFilterConfig
                0x0000000020000654       0x18 ./Core/Src/main.o
                0x0000000020000654                sFilterConfig
 .bss.TxHeader  0x000000002000066c       0x24 ./Core/Src/main.o
                0x000000002000066c                TxHeader
 .bss.RxHeader  0x0000000020000690       0x28 ./Core/Src/main.o
                0x0000000020000690                RxHeader
 .bss.TxData    0x00000000200006b8        0x8 ./Core/Src/main.o
                0x00000000200006b8                TxData
 .bss.RxData    0x00000000200006c0        0x8 ./Core/Src/main.o
                0x00000000200006c0                RxData
 .bss.condition_evaluated.0
                0x00000000200006c8        0x1 ./Core/Src/main.o
 *fill*         0x00000000200006c9        0x3 
 .bss.teller_bryter.6
                0x00000000200006cc        0x4 ./Core/Src/stm32g4xx_it.o
 .bss.teller_siden_marco.5
                0x00000000200006d0        0x4 ./Core/Src/stm32g4xx_it.o
 .bss.teller_feil_CAN_styring.4
                0x00000000200006d4        0x4 ./Core/Src/stm32g4xx_it.o
 .bss.teller_feil_CAN_manpu.3
                0x00000000200006d8        0x4 ./Core/Src/stm32g4xx_it.o
 .bss.teller_timeout_send.2
                0x00000000200006dc        0x4 ./Core/Src/stm32g4xx_it.o
 .bss.teller_temp_topside.1
                0x00000000200006e0        0x4 ./Core/Src/stm32g4xx_it.o
 .bss.teller_thrust_topside.0
                0x00000000200006e4        0x4 ./Core/Src/stm32g4xx_it.o
 .bss.uwTick    0x00000000200006e8        0x4 ./Drivers/STM32G4xx_HAL_Driver/Src/stm32g4xx_hal.o
                0x00000000200006e8                uwTick
 *(COMMON)
                0x00000000200006ec                . = ALIGN (0x4)
                0x00000000200006ec                _ebss = .
                0x00000000200006ec                __bss_end__ = _ebss

._user_heap_stack
                0x00000000200006ec      0x604 load address 0x0000000008009da0
                0x00000000200006f0                . = ALIGN (0x8)
 *fill*         0x00000000200006ec        0x4 
                [!provide]                        PROVIDE (end = .)
                0x00000000200006f0                PROVIDE (_end = .)
                0x00000000200008f0                . = (. + _Min_Heap_Size)
 *fill*         0x00000000200006f0      0x200 
                0x0000000020000cf0                . = (. + _Min_Stack_Size)
 *fill*         0x00000000200008f0      0x400 
                0x0000000020000cf0                . = ALIGN (0x8)

/DISCARD/
 libc.a(*)
 libm.a(*)
 libgcc.a(*)

.ARM.attributes
                0x0000000000000000       0x30
 *(.ARM.attributes)
 .ARM.attributes
                0x0000000000000000       0x1e /Applications/STM32CubeIDE.app/Contents/Eclipse/plugins/com.st.stm32cube.ide.mcu.externaltools.gnu-tools-for-stm32.10.3-2021.10.macos64_1.0.100.202210260954/tools/bin/../lib/gcc/arm-none-eabi/10.3.1/thumb/v7e-m+fp/hard/crti.o
 .ARM.attributes
                0x000000000000001e       0x34 /Applications/STM32CubeIDE.app/Contents/Eclipse/plugins/com.st.stm32cube.ide.mcu.externaltools.gnu-tools-for-stm32.10.3-2021.10.macos64_1.0.100.202210260954/tools/bin/../lib/gcc/arm-none-eabi/10.3.1/thumb/v7e-m+fp/hard/crtbegin.o
 .ARM.attributes
                0x0000000000000052       0x34 ./Core/Src/STTS75.o
 .ARM.attributes
                0x0000000000000086       0x34 ./Core/Src/funksjoner_manpu.o
 .ARM.attributes
                0x00000000000000ba       0x34 ./Core/Src/funksjoner_sensor.o
 .ARM.attributes
                0x00000000000000ee       0x34 ./Core/Src/funksjoner_test.o
 .ARM.attributes
                0x0000000000000122       0x34 ./Core/Src/funksjoner_thruster.o
 .ARM.attributes
                0x0000000000000156       0x34 ./Core/Src/globvariabler_def.o
 .ARM.attributes
                0x000000000000018a       0x34 ./Core/Src/main.o
 .ARM.attributes
                0x00000000000001be       0x34 ./Core/Src/stm32g4xx_hal_msp.o
 .ARM.attributes
                0x00000000000001f2       0x34 ./Core/Src/stm32g4xx_it.o
 .ARM.attributes
                0x0000000000000226       0x34 ./Core/Src/system_stm32g4xx.o
 .ARM.attributes
                0x000000000000025a       0x21 ./Core/Startup/startup_stm32g431rbtx.o
 .ARM.attributes
                0x000000000000027b       0x34 ./Drivers/STM32G4xx_HAL_Driver/Src/stm32g4xx_hal.o
 .ARM.attributes
                0x00000000000002af       0x34 ./Drivers/STM32G4xx_HAL_Driver/Src/stm32g4xx_hal_cortex.o
 .ARM.attributes
                0x00000000000002e3       0x34 ./Drivers/STM32G4xx_HAL_Driver/Src/stm32g4xx_hal_fdcan.o
 .ARM.attributes
                0x0000000000000317       0x34 ./Drivers/STM32G4xx_HAL_Driver/Src/stm32g4xx_hal_gpio.o
 .ARM.attributes
                0x000000000000034b       0x34 ./Drivers/STM32G4xx_HAL_Driver/Src/stm32g4xx_hal_i2c.o
 .ARM.attributes
                0x000000000000037f       0x34 ./Drivers/STM32G4xx_HAL_Driver/Src/stm32g4xx_hal_i2c_ex.o
 .ARM.attributes
                0x00000000000003b3       0x34 ./Drivers/STM32G4xx_HAL_Driver/Src/stm32g4xx_hal_pwr_ex.o
 .ARM.attributes
                0x00000000000003e7       0x34 ./Drivers/STM32G4xx_HAL_Driver/Src/stm32g4xx_hal_rcc.o
 .ARM.attributes
                0x000000000000041b       0x34 ./Drivers/STM32G4xx_HAL_Driver/Src/stm32g4xx_hal_rcc_ex.o
 .ARM.attributes
                0x000000000000044f       0x34 ./Drivers/STM32G4xx_HAL_Driver/Src/stm32g4xx_hal_spi.o
 .ARM.attributes
                0x0000000000000483       0x34 ./Drivers/STM32G4xx_HAL_Driver/Src/stm32g4xx_hal_tim.o
 .ARM.attributes
                0x00000000000004b7       0x34 ./Drivers/STM32G4xx_HAL_Driver/Src/stm32g4xx_hal_tim_ex.o
 .ARM.attributes
                0x00000000000004eb       0x34 ./Drivers/STM32G4xx_HAL_Driver/Src/stm32g4xx_hal_uart.o
 .ARM.attributes
                0x000000000000051f       0x34 ./Drivers/STM32G4xx_HAL_Driver/Src/stm32g4xx_hal_uart_ex.o
 .ARM.attributes
                0x0000000000000553       0x34 /Applications/STM32CubeIDE.app/Contents/Eclipse/plugins/com.st.stm32cube.ide.mcu.externaltools.gnu-tools-for-stm32.10.3-2021.10.macos64_1.0.100.202210260954/tools/bin/../lib/gcc/arm-none-eabi/10.3.1/../../../../arm-none-eabi/lib/thumb/v7e-m+fp/hard/libc_nano.a(lib_a-init.o)
 .ARM.attributes
                0x0000000000000587       0x34 /Applications/STM32CubeIDE.app/Contents/Eclipse/plugins/com.st.stm32cube.ide.mcu.externaltools.gnu-tools-for-stm32.10.3-2021.10.macos64_1.0.100.202210260954/tools/bin/../lib/gcc/arm-none-eabi/10.3.1/../../../../arm-none-eabi/lib/thumb/v7e-m+fp/hard/libc_nano.a(lib_a-memcpy-stub.o)
 .ARM.attributes
                0x00000000000005bb       0x34 /Applications/STM32CubeIDE.app/Contents/Eclipse/plugins/com.st.stm32cube.ide.mcu.externaltools.gnu-tools-for-stm32.10.3-2021.10.macos64_1.0.100.202210260954/tools/bin/../lib/gcc/arm-none-eabi/10.3.1/../../../../arm-none-eabi/lib/thumb/v7e-m+fp/hard/libc_nano.a(lib_a-memset.o)
 .ARM.attributes
                0x00000000000005ef       0x1e /Applications/STM32CubeIDE.app/Contents/Eclipse/plugins/com.st.stm32cube.ide.mcu.externaltools.gnu-tools-for-stm32.10.3-2021.10.macos64_1.0.100.202210260954/tools/bin/../lib/gcc/arm-none-eabi/10.3.1/thumb/v7e-m+fp/hard/libgcc.a(_arm_addsubdf3.o)
 .ARM.attributes
                0x000000000000060d       0x1e /Applications/STM32CubeIDE.app/Contents/Eclipse/plugins/com.st.stm32cube.ide.mcu.externaltools.gnu-tools-for-stm32.10.3-2021.10.macos64_1.0.100.202210260954/tools/bin/../lib/gcc/arm-none-eabi/10.3.1/thumb/v7e-m+fp/hard/libgcc.a(_arm_muldivdf3.o)
 .ARM.attributes
                0x000000000000062b       0x1e /Applications/STM32CubeIDE.app/Contents/Eclipse/plugins/com.st.stm32cube.ide.mcu.externaltools.gnu-tools-for-stm32.10.3-2021.10.macos64_1.0.100.202210260954/tools/bin/../lib/gcc/arm-none-eabi/10.3.1/thumb/v7e-m+fp/hard/libgcc.a(_arm_fixdfsi.o)
 .ARM.attributes
                0x0000000000000649       0x1e /Applications/STM32CubeIDE.app/Contents/Eclipse/plugins/com.st.stm32cube.ide.mcu.externaltools.gnu-tools-for-stm32.10.3-2021.10.macos64_1.0.100.202210260954/tools/bin/../lib/gcc/arm-none-eabi/10.3.1/thumb/v7e-m+fp/hard/libgcc.a(_arm_truncdfsf2.o)
 .ARM.attributes
                0x0000000000000667       0x1e /Applications/STM32CubeIDE.app/Contents/Eclipse/plugins/com.st.stm32cube.ide.mcu.externaltools.gnu-tools-for-stm32.10.3-2021.10.macos64_1.0.100.202210260954/tools/bin/../lib/gcc/arm-none-eabi/10.3.1/thumb/v7e-m+fp/hard/libgcc.a(_aeabi_uldivmod.o)
 .ARM.attributes
                0x0000000000000685       0x34 /Applications/STM32CubeIDE.app/Contents/Eclipse/plugins/com.st.stm32cube.ide.mcu.externaltools.gnu-tools-for-stm32.10.3-2021.10.macos64_1.0.100.202210260954/tools/bin/../lib/gcc/arm-none-eabi/10.3.1/thumb/v7e-m+fp/hard/libgcc.a(_udivmoddi4.o)
 .ARM.attributes
                0x00000000000006b9       0x1e /Applications/STM32CubeIDE.app/Contents/Eclipse/plugins/com.st.stm32cube.ide.mcu.externaltools.gnu-tools-for-stm32.10.3-2021.10.macos64_1.0.100.202210260954/tools/bin/../lib/gcc/arm-none-eabi/10.3.1/thumb/v7e-m+fp/hard/libgcc.a(_dvmd_tls.o)
 .ARM.attributes
                0x00000000000006d7       0x1e /Applications/STM32CubeIDE.app/Contents/Eclipse/plugins/com.st.stm32cube.ide.mcu.externaltools.gnu-tools-for-stm32.10.3-2021.10.macos64_1.0.100.202210260954/tools/bin/../lib/gcc/arm-none-eabi/10.3.1/thumb/v7e-m+fp/hard/crtn.o
OUTPUT(REGSYS_V1.elf elf32-littlearm)
LOAD linker stubs
LOAD /Applications/STM32CubeIDE.app/Contents/Eclipse/plugins/com.st.stm32cube.ide.mcu.externaltools.gnu-tools-for-stm32.10.3-2021.10.macos64_1.0.100.202210260954/tools/bin/../lib/gcc/arm-none-eabi/10.3.1/../../../../arm-none-eabi/lib/thumb/v7e-m+fp/hard/libc.a
LOAD /Applications/STM32CubeIDE.app/Contents/Eclipse/plugins/com.st.stm32cube.ide.mcu.externaltools.gnu-tools-for-stm32.10.3-2021.10.macos64_1.0.100.202210260954/tools/bin/../lib/gcc/arm-none-eabi/10.3.1/../../../../arm-none-eabi/lib/thumb/v7e-m+fp/hard/libm.a
LOAD /Applications/STM32CubeIDE.app/Contents/Eclipse/plugins/com.st.stm32cube.ide.mcu.externaltools.gnu-tools-for-stm32.10.3-2021.10.macos64_1.0.100.202210260954/tools/bin/../lib/gcc/arm-none-eabi/10.3.1/thumb/v7e-m+fp/hard/libgcc.a

.debug_info     0x0000000000000000    0x1db49
 .debug_info    0x0000000000000000      0x9f2 ./Core/Src/STTS75.o
 .debug_info    0x00000000000009f2      0x7b6 ./Core/Src/funksjoner_manpu.o
 .debug_info    0x00000000000011a8      0x775 ./Core/Src/funksjoner_sensor.o
 .debug_info    0x000000000000191d      0x3a7 ./Core/Src/funksjoner_test.o
 .debug_info    0x0000000000001cc4      0xbac ./Core/Src/funksjoner_thruster.o
 .debug_info    0x0000000000002870      0xbe0 ./Core/Src/globvariabler_def.o
 .debug_info    0x0000000000003450     0x2c37 ./Core/Src/main.o
 .debug_info    0x0000000000006087     0x2202 ./Core/Src/stm32g4xx_hal_msp.o
 .debug_info    0x0000000000008289      0x81a ./Core/Src/stm32g4xx_it.o
 .debug_info    0x0000000000008aa3      0x59f ./Core/Src/system_stm32g4xx.o
 .debug_info    0x0000000000009042       0x22 ./Core/Startup/startup_stm32g431rbtx.o
 .debug_info    0x0000000000009064      0xae3 ./Drivers/STM32G4xx_HAL_Driver/Src/stm32g4xx_hal.o
 .debug_info    0x0000000000009b47      0xdc4 ./Drivers/STM32G4xx_HAL_Driver/Src/stm32g4xx_hal_cortex.o
 .debug_info    0x000000000000a90b     0x1964 ./Drivers/STM32G4xx_HAL_Driver/Src/stm32g4xx_hal_fdcan.o
 .debug_info    0x000000000000c26f      0x82f ./Drivers/STM32G4xx_HAL_Driver/Src/stm32g4xx_hal_gpio.o
 .debug_info    0x000000000000ca9e     0x22ea ./Drivers/STM32G4xx_HAL_Driver/Src/stm32g4xx_hal_i2c.o
 .debug_info    0x000000000000ed88      0xb61 ./Drivers/STM32G4xx_HAL_Driver/Src/stm32g4xx_hal_i2c_ex.o
 .debug_info    0x000000000000f8e9      0x983 ./Drivers/STM32G4xx_HAL_Driver/Src/stm32g4xx_hal_pwr_ex.o
 .debug_info    0x000000000001026c      0xc53 ./Drivers/STM32G4xx_HAL_Driver/Src/stm32g4xx_hal_rcc.o
 .debug_info    0x0000000000010ebf      0xcfe ./Drivers/STM32G4xx_HAL_Driver/Src/stm32g4xx_hal_rcc_ex.o
 .debug_info    0x0000000000011bbd     0x18b8 ./Drivers/STM32G4xx_HAL_Driver/Src/stm32g4xx_hal_spi.o
 .debug_info    0x0000000000013475     0x2e83 ./Drivers/STM32G4xx_HAL_Driver/Src/stm32g4xx_hal_tim.o
 .debug_info    0x00000000000162f8     0x1eea ./Drivers/STM32G4xx_HAL_Driver/Src/stm32g4xx_hal_tim_ex.o
 .debug_info    0x00000000000181e2     0x4936 ./Drivers/STM32G4xx_HAL_Driver/Src/stm32g4xx_hal_uart.o
 .debug_info    0x000000000001cb18     0x1031 ./Drivers/STM32G4xx_HAL_Driver/Src/stm32g4xx_hal_uart_ex.o

.debug_abbrev   0x0000000000000000     0x3412
 .debug_abbrev  0x0000000000000000      0x18f ./Core/Src/STTS75.o
 .debug_abbrev  0x000000000000018f      0x25c ./Core/Src/funksjoner_manpu.o
 .debug_abbrev  0x00000000000003eb      0x1a0 ./Core/Src/funksjoner_sensor.o
 .debug_abbrev  0x000000000000058b       0xf3 ./Core/Src/funksjoner_test.o
 .debug_abbrev  0x000000000000067e      0x2b5 ./Core/Src/funksjoner_thruster.o
 .debug_abbrev  0x0000000000000933       0xa1 ./Core/Src/globvariabler_def.o
 .debug_abbrev  0x00000000000009d4      0x36f ./Core/Src/main.o
 .debug_abbrev  0x0000000000000d43      0x28a ./Core/Src/stm32g4xx_hal_msp.o
 .debug_abbrev  0x0000000000000fcd      0x1bf ./Core/Src/stm32g4xx_it.o
 .debug_abbrev  0x000000000000118c      0x116 ./Core/Src/system_stm32g4xx.o
 .debug_abbrev  0x00000000000012a2       0x12 ./Core/Startup/startup_stm32g431rbtx.o
 .debug_abbrev  0x00000000000012b4      0x269 ./Drivers/STM32G4xx_HAL_Driver/Src/stm32g4xx_hal.o
 .debug_abbrev  0x000000000000151d      0x30d ./Drivers/STM32G4xx_HAL_Driver/Src/stm32g4xx_hal_cortex.o
 .debug_abbrev  0x000000000000182a      0x1d3 ./Drivers/STM32G4xx_HAL_Driver/Src/stm32g4xx_hal_fdcan.o
 .debug_abbrev  0x00000000000019fd      0x1bb ./Drivers/STM32G4xx_HAL_Driver/Src/stm32g4xx_hal_gpio.o
 .debug_abbrev  0x0000000000001bb8      0x243 ./Drivers/STM32G4xx_HAL_Driver/Src/stm32g4xx_hal_i2c.o
 .debug_abbrev  0x0000000000001dfb      0x1b0 ./Drivers/STM32G4xx_HAL_Driver/Src/stm32g4xx_hal_i2c_ex.o
 .debug_abbrev  0x0000000000001fab      0x229 ./Drivers/STM32G4xx_HAL_Driver/Src/stm32g4xx_hal_pwr_ex.o
 .debug_abbrev  0x00000000000021d4      0x2bd ./Drivers/STM32G4xx_HAL_Driver/Src/stm32g4xx_hal_rcc.o
 .debug_abbrev  0x0000000000002491      0x247 ./Drivers/STM32G4xx_HAL_Driver/Src/stm32g4xx_hal_rcc_ex.o
 .debug_abbrev  0x00000000000026d8      0x254 ./Drivers/STM32G4xx_HAL_Driver/Src/stm32g4xx_hal_spi.o
 .debug_abbrev  0x000000000000292c      0x28e ./Drivers/STM32G4xx_HAL_Driver/Src/stm32g4xx_hal_tim.o
 .debug_abbrev  0x0000000000002bba      0x2ab ./Drivers/STM32G4xx_HAL_Driver/Src/stm32g4xx_hal_tim_ex.o
 .debug_abbrev  0x0000000000002e65      0x2f0 ./Drivers/STM32G4xx_HAL_Driver/Src/stm32g4xx_hal_uart.o
 .debug_abbrev  0x0000000000003155      0x2bd ./Drivers/STM32G4xx_HAL_Driver/Src/stm32g4xx_hal_uart_ex.o

.debug_aranges  0x0000000000000000     0x1918
 .debug_aranges
                0x0000000000000000       0x38 ./Core/Src/STTS75.o
 .debug_aranges
                0x0000000000000038       0x68 ./Core/Src/funksjoner_manpu.o
 .debug_aranges
                0x00000000000000a0       0x70 ./Core/Src/funksjoner_sensor.o
 .debug_aranges
                0x0000000000000110       0x28 ./Core/Src/funksjoner_test.o
 .debug_aranges
                0x0000000000000138       0xc0 ./Core/Src/funksjoner_thruster.o
 .debug_aranges
                0x00000000000001f8       0x18 ./Core/Src/globvariabler_def.o
 .debug_aranges
                0x0000000000000210       0xe0 ./Core/Src/main.o
 .debug_aranges
                0x00000000000002f0       0x88 ./Core/Src/stm32g4xx_hal_msp.o
 .debug_aranges
                0x0000000000000378       0x68 ./Core/Src/stm32g4xx_it.o
 .debug_aranges
                0x00000000000003e0       0x28 ./Core/Src/system_stm32g4xx.o
 .debug_aranges
                0x0000000000000408       0x28 ./Core/Startup/startup_stm32g431rbtx.o
 .debug_aranges
                0x0000000000000430      0x130 ./Drivers/STM32G4xx_HAL_Driver/Src/stm32g4xx_hal.o
 .debug_aranges
                0x0000000000000560      0x118 ./Drivers/STM32G4xx_HAL_Driver/Src/stm32g4xx_hal_cortex.o
 .debug_aranges
                0x0000000000000678      0x208 ./Drivers/STM32G4xx_HAL_Driver/Src/stm32g4xx_hal_fdcan.o
 .debug_aranges
                0x0000000000000880       0x58 ./Drivers/STM32G4xx_HAL_Driver/Src/stm32g4xx_hal_gpio.o
 .debug_aranges
                0x00000000000008d8      0x290 ./Drivers/STM32G4xx_HAL_Driver/Src/stm32g4xx_hal_i2c.o
 .debug_aranges
                0x0000000000000b68       0x48 ./Drivers/STM32G4xx_HAL_Driver/Src/stm32g4xx_hal_i2c_ex.o
 .debug_aranges
                0x0000000000000bb0      0x140 ./Drivers/STM32G4xx_HAL_Driver/Src/stm32g4xx_hal_pwr_ex.o
 .debug_aranges
                0x0000000000000cf0       0x98 ./Drivers/STM32G4xx_HAL_Driver/Src/stm32g4xx_hal_rcc.o
 .debug_aranges
                0x0000000000000d88       0xb0 ./Drivers/STM32G4xx_HAL_Driver/Src/stm32g4xx_hal_rcc_ex.o
 .debug_aranges
                0x0000000000000e38      0x1d8 ./Drivers/STM32G4xx_HAL_Driver/Src/stm32g4xx_hal_spi.o
 .debug_aranges
                0x0000000000001010      0x3e0 ./Drivers/STM32G4xx_HAL_Driver/Src/stm32g4xx_hal_tim.o
 .debug_aranges
                0x00000000000013f0      0x240 ./Drivers/STM32G4xx_HAL_Driver/Src/stm32g4xx_hal_tim_ex.o
 .debug_aranges
                0x0000000000001630      0x248 ./Drivers/STM32G4xx_HAL_Driver/Src/stm32g4xx_hal_uart.o
 .debug_aranges
                0x0000000000001878       0xa0 ./Drivers/STM32G4xx_HAL_Driver/Src/stm32g4xx_hal_uart_ex.o

.debug_ranges   0x0000000000000000     0x17b8
 .debug_ranges  0x0000000000000000       0x28 ./Core/Src/STTS75.o
 .debug_ranges  0x0000000000000028       0x58 ./Core/Src/funksjoner_manpu.o
 .debug_ranges  0x0000000000000080       0x60 ./Core/Src/funksjoner_sensor.o
 .debug_ranges  0x00000000000000e0       0x18 ./Core/Src/funksjoner_test.o
 .debug_ranges  0x00000000000000f8       0xb0 ./Core/Src/funksjoner_thruster.o
 .debug_ranges  0x00000000000001a8       0xd0 ./Core/Src/main.o
 .debug_ranges  0x0000000000000278       0x78 ./Core/Src/stm32g4xx_hal_msp.o
 .debug_ranges  0x00000000000002f0       0x58 ./Core/Src/stm32g4xx_it.o
 .debug_ranges  0x0000000000000348       0x18 ./Core/Src/system_stm32g4xx.o
 .debug_ranges  0x0000000000000360       0x20 ./Core/Startup/startup_stm32g431rbtx.o
 .debug_ranges  0x0000000000000380      0x120 ./Drivers/STM32G4xx_HAL_Driver/Src/stm32g4xx_hal.o
 .debug_ranges  0x00000000000004a0      0x108 ./Drivers/STM32G4xx_HAL_Driver/Src/stm32g4xx_hal_cortex.o
 .debug_ranges  0x00000000000005a8      0x1f8 ./Drivers/STM32G4xx_HAL_Driver/Src/stm32g4xx_hal_fdcan.o
 .debug_ranges  0x00000000000007a0       0x48 ./Drivers/STM32G4xx_HAL_Driver/Src/stm32g4xx_hal_gpio.o
 .debug_ranges  0x00000000000007e8      0x280 ./Drivers/STM32G4xx_HAL_Driver/Src/stm32g4xx_hal_i2c.o
 .debug_ranges  0x0000000000000a68       0x38 ./Drivers/STM32G4xx_HAL_Driver/Src/stm32g4xx_hal_i2c_ex.o
 .debug_ranges  0x0000000000000aa0      0x130 ./Drivers/STM32G4xx_HAL_Driver/Src/stm32g4xx_hal_pwr_ex.o
 .debug_ranges  0x0000000000000bd0       0x88 ./Drivers/STM32G4xx_HAL_Driver/Src/stm32g4xx_hal_rcc.o
 .debug_ranges  0x0000000000000c58       0xa0 ./Drivers/STM32G4xx_HAL_Driver/Src/stm32g4xx_hal_rcc_ex.o
 .debug_ranges  0x0000000000000cf8      0x1c8 ./Drivers/STM32G4xx_HAL_Driver/Src/stm32g4xx_hal_spi.o
 .debug_ranges  0x0000000000000ec0      0x3d0 ./Drivers/STM32G4xx_HAL_Driver/Src/stm32g4xx_hal_tim.o
 .debug_ranges  0x0000000000001290      0x230 ./Drivers/STM32G4xx_HAL_Driver/Src/stm32g4xx_hal_tim_ex.o
 .debug_ranges  0x00000000000014c0      0x268 ./Drivers/STM32G4xx_HAL_Driver/Src/stm32g4xx_hal_uart.o
 .debug_ranges  0x0000000000001728       0x90 ./Drivers/STM32G4xx_HAL_Driver/Src/stm32g4xx_hal_uart_ex.o

.debug_macro    0x0000000000000000    0x212e2
 .debug_macro   0x0000000000000000      0x20f ./Core/Src/STTS75.o
 .debug_macro   0x000000000000020f      0xa78 ./Core/Src/STTS75.o
 .debug_macro   0x0000000000000c87      0x16d ./Core/Src/STTS75.o
 .debug_macro   0x0000000000000df4       0x2e ./Core/Src/STTS75.o
 .debug_macro   0x0000000000000e22       0x28 ./Core/Src/STTS75.o
 .debug_macro   0x0000000000000e4a       0x22 ./Core/Src/STTS75.o
 .debug_macro   0x0000000000000e6c       0x8e ./Core/Src/STTS75.o
 .debug_macro   0x0000000000000efa       0x51 ./Core/Src/STTS75.o
 .debug_macro   0x0000000000000f4b      0x103 ./Core/Src/STTS75.o
 .debug_macro   0x000000000000104e       0x6a ./Core/Src/STTS75.o
 .debug_macro   0x00000000000010b8      0x1df ./Core/Src/STTS75.o
 .debug_macro   0x0000000000001297       0x1c ./Core/Src/STTS75.o
 .debug_macro   0x00000000000012b3       0x22 ./Core/Src/STTS75.o
 .debug_macro   0x00000000000012d5       0xfb ./Core/Src/STTS75.o
 .debug_macro   0x00000000000013d0     0x1011 ./Core/Src/STTS75.o
 .debug_macro   0x00000000000023e1      0x11f ./Core/Src/STTS75.o
 .debug_macro   0x0000000000002500    0x11396 ./Core/Src/STTS75.o
 .debug_macro   0x0000000000013896       0x6d ./Core/Src/STTS75.o
 .debug_macro   0x0000000000013903     0x3554 ./Core/Src/STTS75.o
 .debug_macro   0x0000000000016e57      0x174 ./Core/Src/STTS75.o
 .debug_macro   0x0000000000016fcb       0x5c ./Core/Src/STTS75.o
 .debug_macro   0x0000000000017027     0x141d ./Core/Src/STTS75.o
 .debug_macro   0x0000000000018444      0x535 ./Core/Src/STTS75.o
 .debug_macro   0x0000000000018979      0x1b6 ./Core/Src/STTS75.o
 .debug_macro   0x0000000000018b2f      0x288 ./Core/Src/STTS75.o
 .debug_macro   0x0000000000018db7      0x41d ./Core/Src/STTS75.o
 .debug_macro   0x00000000000191d4      0x18b ./Core/Src/STTS75.o
 .debug_macro   0x000000000001935f       0x43 ./Core/Src/STTS75.o
 .debug_macro   0x00000000000193a2      0x23d ./Core/Src/STTS75.o
 .debug_macro   0x00000000000195df      0x211 ./Core/Src/STTS75.o
 .debug_macro   0x00000000000197f0      0x6af ./Core/Src/STTS75.o
 .debug_macro   0x0000000000019e9f      0x401 ./Core/Src/STTS75.o
 .debug_macro   0x000000000001a2a0      0x107 ./Core/Src/STTS75.o
 .debug_macro   0x000000000001a3a7      0x22c ./Core/Src/STTS75.o
 .debug_macro   0x000000000001a5d3       0x61 ./Core/Src/STTS75.o
 .debug_macro   0x000000000001a634       0xa5 ./Core/Src/STTS75.o
 .debug_macro   0x000000000001a6d9      0x122 ./Core/Src/STTS75.o
 .debug_macro   0x000000000001a7fb      0x3d1 ./Core/Src/STTS75.o
 .debug_macro   0x000000000001abcc      0x2fe ./Core/Src/STTS75.o
 .debug_macro   0x000000000001aeca      0xbbe ./Core/Src/STTS75.o
 .debug_macro   0x000000000001ba88      0x47e ./Core/Src/STTS75.o
 .debug_macro   0x000000000001bf06      0x67e ./Core/Src/STTS75.o
 .debug_macro   0x000000000001c584       0xa6 ./Core/Src/STTS75.o
 .debug_macro   0x000000000001c62a      0x306 ./Core/Src/STTS75.o
 .debug_macro   0x000000000001c930       0x58 ./Core/Src/STTS75.o
 .debug_macro   0x000000000001c988      0x399 ./Core/Src/funksjoner_manpu.o
 .debug_macro   0x000000000001cd21       0x34 ./Core/Src/funksjoner_manpu.o
 .debug_macro   0x000000000001cd55       0x52 ./Core/Src/funksjoner_manpu.o
 .debug_macro   0x000000000001cda7       0x1e ./Core/Src/funksjoner_manpu.o
 .debug_macro   0x000000000001cdc5       0x3c ./Core/Src/funksjoner_manpu.o
 .debug_macro   0x000000000001ce01       0x34 ./Core/Src/funksjoner_manpu.o
 .debug_macro   0x000000000001ce35       0x16 ./Core/Src/funksjoner_manpu.o
 .debug_macro   0x000000000001ce4b       0x43 ./Core/Src/funksjoner_manpu.o
 .debug_macro   0x000000000001ce8e       0x34 ./Core/Src/funksjoner_manpu.o
 .debug_macro   0x000000000001cec2       0x10 ./Core/Src/funksjoner_manpu.o
 .debug_macro   0x000000000001ced2       0x58 ./Core/Src/funksjoner_manpu.o
 .debug_macro   0x000000000001cf2a       0x71 ./Core/Src/funksjoner_manpu.o
 .debug_macro   0x000000000001cf9b       0x1c ./Core/Src/funksjoner_manpu.o
 .debug_macro   0x000000000001cfb7      0x12a ./Core/Src/funksjoner_manpu.o
 .debug_macro   0x000000000001d0e1      0x341 ./Core/Src/funksjoner_manpu.o
 .debug_macro   0x000000000001d422      0x19b ./Core/Src/funksjoner_manpu.o
 .debug_macro   0x000000000001d5bd       0x1c ./Core/Src/funksjoner_manpu.o
 .debug_macro   0x000000000001d5d9       0x35 ./Core/Src/funksjoner_manpu.o
 .debug_macro   0x000000000001d60e       0x10 ./Core/Src/funksjoner_manpu.o
 .debug_macro   0x000000000001d61e       0x10 ./Core/Src/funksjoner_manpu.o
 .debug_macro   0x000000000001d62e       0x1c ./Core/Src/funksjoner_manpu.o
 .debug_macro   0x000000000001d64a       0x52 ./Core/Src/funksjoner_manpu.o
 .debug_macro   0x000000000001d69c       0x22 ./Core/Src/funksjoner_manpu.o
 .debug_macro   0x000000000001d6be       0x10 ./Core/Src/funksjoner_manpu.o
 .debug_macro   0x000000000001d6ce       0x52 ./Core/Src/funksjoner_manpu.o
 .debug_macro   0x000000000001d720       0xd5 ./Core/Src/funksjoner_manpu.o
 .debug_macro   0x000000000001d7f5       0x1c ./Core/Src/funksjoner_manpu.o
 .debug_macro   0x000000000001d811       0x3d ./Core/Src/funksjoner_manpu.o
 .debug_macro   0x000000000001d84e       0x16 ./Core/Src/funksjoner_manpu.o
 .debug_macro   0x000000000001d864      0x145 ./Core/Src/funksjoner_manpu.o
 .debug_macro   0x000000000001d9a9      0x3ac ./Core/Src/funksjoner_sensor.o
 .debug_macro   0x000000000001dd55      0x3a3 ./Core/Src/funksjoner_test.o
 .debug_macro   0x000000000001e0f8      0x399 ./Core/Src/funksjoner_thruster.o
 .debug_macro   0x000000000001e491      0x21f ./Core/Src/globvariabler_def.o
 .debug_macro   0x000000000001e6b0      0x438 ./Core/Src/main.o
 .debug_macro   0x000000000001eae8       0x16 ./Core/Src/main.o
 .debug_macro   0x000000000001eafe       0x16 ./Core/Src/main.o
 .debug_macro   0x000000000001eb14       0x20 ./Core/Src/main.o
 .debug_macro   0x000000000001eb34       0x16 ./Core/Src/main.o
 .debug_macro   0x000000000001eb4a       0x16 ./Core/Src/main.o
 .debug_macro   0x000000000001eb60       0x29 ./Core/Src/main.o
 .debug_macro   0x000000000001eb89      0x215 ./Core/Src/stm32g4xx_hal_msp.o
 .debug_macro   0x000000000001ed9e      0x3d4 ./Core/Src/stm32g4xx_it.o
 .debug_macro   0x000000000001f172      0x206 ./Core/Src/system_stm32g4xx.o
 .debug_macro   0x000000000001f378      0x254 ./Drivers/STM32G4xx_HAL_Driver/Src/stm32g4xx_hal.o
 .debug_macro   0x000000000001f5cc      0x206 ./Drivers/STM32G4xx_HAL_Driver/Src/stm32g4xx_hal_cortex.o
 .debug_macro   0x000000000001f7d2      0x318 ./Drivers/STM32G4xx_HAL_Driver/Src/stm32g4xx_hal_fdcan.o
 .debug_macro   0x000000000001faea      0x20d ./Drivers/STM32G4xx_HAL_Driver/Src/stm32g4xx_hal_gpio.o
 .debug_macro   0x000000000001fcf7      0x2d2 ./Drivers/STM32G4xx_HAL_Driver/Src/stm32g4xx_hal_i2c.o
 .debug_macro   0x000000000001ffc9      0x206 ./Drivers/STM32G4xx_HAL_Driver/Src/stm32g4xx_hal_i2c_ex.o
 .debug_macro   0x00000000000201cf      0x230 ./Drivers/STM32G4xx_HAL_Driver/Src/stm32g4xx_hal_pwr_ex.o
 .debug_macro   0x00000000000203ff      0x248 ./Drivers/STM32G4xx_HAL_Driver/Src/stm32g4xx_hal_rcc.o
 .debug_macro   0x0000000000020647      0x230 ./Drivers/STM32G4xx_HAL_Driver/Src/stm32g4xx_hal_rcc_ex.o
 .debug_macro   0x0000000000020877      0x20e ./Drivers/STM32G4xx_HAL_Driver/Src/stm32g4xx_hal_spi.o
 .debug_macro   0x0000000000020a85      0x20e ./Drivers/STM32G4xx_HAL_Driver/Src/stm32g4xx_hal_tim.o
 .debug_macro   0x0000000000020c93      0x20c ./Drivers/STM32G4xx_HAL_Driver/Src/stm32g4xx_hal_tim_ex.o
 .debug_macro   0x0000000000020e9f      0x231 ./Drivers/STM32G4xx_HAL_Driver/Src/stm32g4xx_hal_uart.o
 .debug_macro   0x00000000000210d0      0x212 ./Drivers/STM32G4xx_HAL_Driver/Src/stm32g4xx_hal_uart_ex.o

.debug_line     0x0000000000000000    0x1ea32
 .debug_line    0x0000000000000000      0x872 ./Core/Src/STTS75.o
 .debug_line    0x0000000000000872      0xcde ./Core/Src/funksjoner_manpu.o
 .debug_line    0x0000000000001550      0xdfd ./Core/Src/funksjoner_sensor.o
 .debug_line    0x000000000000234d      0xa25 ./Core/Src/funksjoner_test.o
 .debug_line    0x0000000000002d72     0x1332 ./Core/Src/funksjoner_thruster.o
 .debug_line    0x00000000000040a4      0x785 ./Core/Src/globvariabler_def.o
 .debug_line    0x0000000000004829     0x11f9 ./Core/Src/main.o
 .debug_line    0x0000000000005a22      0xace ./Core/Src/stm32g4xx_hal_msp.o
 .debug_line    0x00000000000064f0      0xb78 ./Core/Src/stm32g4xx_it.o
 .debug_line    0x0000000000007068      0x7ef ./Core/Src/system_stm32g4xx.o
 .debug_line    0x0000000000007857       0x89 ./Core/Startup/startup_stm32g431rbtx.o
 .debug_line    0x00000000000078e0      0xb66 ./Drivers/STM32G4xx_HAL_Driver/Src/stm32g4xx_hal.o
 .debug_line    0x0000000000008446      0xd19 ./Drivers/STM32G4xx_HAL_Driver/Src/stm32g4xx_hal_cortex.o
 .debug_line    0x000000000000915f     0x18cf ./Drivers/STM32G4xx_HAL_Driver/Src/stm32g4xx_hal_fdcan.o
 .debug_line    0x000000000000aa2e      0xba9 ./Drivers/STM32G4xx_HAL_Driver/Src/stm32g4xx_hal_gpio.o
 .debug_line    0x000000000000b5d7     0x340d ./Drivers/STM32G4xx_HAL_Driver/Src/stm32g4xx_hal_i2c.o
 .debug_line    0x000000000000e9e4      0x9a3 ./Drivers/STM32G4xx_HAL_Driver/Src/stm32g4xx_hal_i2c_ex.o
 .debug_line    0x000000000000f387      0xd1d ./Drivers/STM32G4xx_HAL_Driver/Src/stm32g4xx_hal_pwr_ex.o
 .debug_line    0x00000000000100a4      0xf7c ./Drivers/STM32G4xx_HAL_Driver/Src/stm32g4xx_hal_rcc.o
 .debug_line    0x0000000000011020     0x113f ./Drivers/STM32G4xx_HAL_Driver/Src/stm32g4xx_hal_rcc_ex.o
 .debug_line    0x000000000001215f     0x1fb0 ./Drivers/STM32G4xx_HAL_Driver/Src/stm32g4xx_hal_spi.o
 .debug_line    0x000000000001410f     0x3e6d ./Drivers/STM32G4xx_HAL_Driver/Src/stm32g4xx_hal_tim.o
 .debug_line    0x0000000000017f7c     0x20e9 ./Drivers/STM32G4xx_HAL_Driver/Src/stm32g4xx_hal_tim_ex.o