../Core/Src/funksjoner_thruster.c:16:6:null_bidrag_horisontal	16	static
../Core/Src/funksjoner_thruster.c:23:6:null_bidrag_vertikal	16	static
../Core/Src/funksjoner_thruster.c:31:6:null_bidrag_alle_regvar	8	static
../Core/Src/funksjoner_thruster.c:40:6:beregning_operatorbidrag	24	static
../Core/Src/funksjoner_thruster.c:141:6:beregn_sum_bidrag	4	static
../Core/Src/funksjoner_thruster.c:163:6:skalere_ned_saturation_neg	64	static
../Core/Src/funksjoner_thruster.c:205:6:skalere_ned_saturation_pos	64	static
../Core/Src/funksjoner_thruster.c:248:9:sjekk_saturation_minus	4	static
../Core/Src/funksjoner_thruster.c:261:8:sjekk_saturation_pos	4	static
../Core/Src/funksjoner_thruster.c:273:6:horisontal_demping	16	static
../Core/Src/funksjoner_thruster.c:283:6:vertikal_demping	16	static
../Core/Src/funksjoner_thruster.c:291:5:differanse_sjekk	24	static
../Core/Src/funksjoner_thruster.c:299:5:horisontal_differanse	8	static
../Core/Src/funksjoner_thruster.c:315:5:vertikal_differanse	8	static
../Core/Src/funksjoner_thruster.c:332:6:effekt_begrensing	4	static
../Core/Src/funksjoner_thruster.c:345:5:effekt_sjekk	4	static
../Core/Src/funksjoner_thruster.c:371:9:konverter_paadrag_PWM	16	static
../Core/Src/funksjoner_thruster.c:405:6:konverter_sum_bidrag_PWM	8	static
../Core/Src/funksjoner_thruster.c:417:6:send_thruster_PWM	4	static
../Core/Src/funksjoner_thruster.c:433:6:thruster_data_lagring	16	static
../Core/Src/funksjoner_thruster.c:458:6:behandle_sum_bidrag	8	static
