../Core/Src/main.c:114:6:oppstartCAN	16	static
../Core/Src/main.c:149:6:sendCAN	16	static
../Core/Src/main.c:160:6:TX_kopier_thrustpaadrag	4	static
../Core/Src/main.c:171:6:liten_sjekk_7	4	static
../Core/Src/main.c:182:6:liten_sjekk_A	4	static
../Core/Src/main.c:192:6:liten_sjekk_17	4	static
../Core/Src/main.c:203:6:liten_sjekk_C	4	static
../Core/Src/main.c:220:6:liten_sjekk_ref	16	static
../Core/Src/main.c:231:6:liten_sjekk_styr	8	static
../Core/Src/main.c:243:6:shiftUT	16	static
../Core/Src/main.c:270:5:main	48	static
../Core/Src/main.c:464:6:SystemClock_Config	88	static
../Core/Src/main.c:511:13:MX_FDCAN1_Init	8	static
../Core/Src/main.c:554:13:MX_I2C3_Init	8	static
../Core/Src/main.c:602:13:MX_LPUART1_UART_Init	8	static
../Core/Src/main.c:649:13:MX_SPI1_Init	8	static
../Core/Src/main.c:689:13:MX_TIM1_Init	104	static
../Core/Src/main.c:773:13:MX_TIM2_Init	48	static
../Core/Src/main.c:834:13:MX_TIM3_Init	48	static
../Core/Src/main.c:883:13:MX_TIM8_Init	104	static
../Core/Src/main.c:955:13:MX_TIM15_Init	104	static
../Core/Src/main.c:1021:13:MX_TIM16_Init	88	static
../Core/Src/main.c:1084:13:MX_GPIO_Init	48	static
../Core/Src/main.c:1136:6:HAL_FDCAN_RxFifo0Callback	16	static
../Core/Src/main.c:1249:6:Error_Handler	4	static,ignoring_inline_asm
